Modules list:
-------------
cputest-basic.o:
    CODE              Offs=000000  Size=004CB7  Align=00001  Fill=0000
    RODATA            Offs=000000  Size=001571  Align=00001  Fill=0000
    BSS               Offs=000000  Size=000000  Align=00001  Fill=0000
    DATA              Offs=000000  Size=000000  Align=00001  Fill=0000
    ZEROPAGE          Offs=000000  Size=000022  Align=00001  Fill=0000
    NULL              Offs=000000  Size=000000  Align=00001  Fill=0000
    HEADER            Offs=000000  Size=000015  Align=00001  Fill=0000
    ROMINFO           Offs=000000  Size=00000B  Align=00001  Fill=0000
    VECTORS           Offs=000000  Size=000020  Align=00001  Fill=0000
    BANK1             Offs=000000  Size=0072B8  Align=00001  Fill=0000
    BANK2             Offs=000000  Size=0074B8  Align=00001  Fill=0000
    BANK3             Offs=000000  Size=002E44  Align=00001  Fill=0000
    TEST_DATA         Offs=000000  Size=000007  Align=00001  Fill=0000


Segment list:
-------------
Name                   Start     End    Size  Align
----------------------------------------------------
DATA                  000000  000000  000000  00001
NULL                  000000  000000  000000  00001
ZEROPAGE              000000  000021  000022  00001
BSS                   000200  000200  000000  00001
CODE                  008000  00CCB6  004CB7  00001
RODATA                00CCB7  00E227  001571  00001
TEST_DATA             00FFA0  00FFA6  000007  00001
HEADER                00FFC0  00FFD4  000015  00001
ROMINFO               00FFD5  00FFDF  00000B  00001
VECTORS               00FFE0  00FFFF  000020  00001
BANK1                 018000  01F2B7  0072B8  00001
BANK2                 028000  02F4B7  0074B8  00001
BANK3                 038000  03AE43  002E44  00001


Exports list by name:
---------------------
test0000                  008294  LF    test0001                  00830A  LF    
test0002                  008344  LF    test0003                  0083A1  LF    
test0004                  0083FE  LF    test0005                  00844F  LF    
test0006                  0084A4  LF    test0007                  008509  LF    
test0008                  008563  LF    test0009                  0085BA  LF    
test000a                  00861F  LF    test000b                  008684  LF    
test000c                  0086E9  LF    test000d                  00874C  LF    
test000e                  0087AF  LF    test000f                  008808  LF    
test0010                  00885D  LF    test0011                  0088C2  LF    
test0012                  008927  LF    test0013                  008981  LF    
test0014                  0089DB  LF    test0015                  008A35  LF    
test0016                  008A8F  LF    test0017                  008AE6  LF    
test0018                  008B3D  LF    test0019                  008B77  LF    
test001a                  008BB1  LF    test001b                  008BEB  LF    
test001c                  008C24  LF    test001d                  008C73  LF    
test001e                  008CC2  LF    test001f                  008D07  LF    
test0020                  008D52  LF    test0021                  008DA9  LF    
test0022                  008DF5  LF    test0023                  008E3E  LF    
test0024                  008E95  LF    test0025                  008EEC  LF    
test0026                  008F43  LF    test0027                  008F98  LF    
test0028                  008FED  LF    test0029                  00903A  LF    
test002a                  009085  LF    test002b                  0090DC  LF    
test002c                  009133  LF    test002d                  00917F  LF    
test002e                  0091CB  LF    test002f                  009217  LF    
test0030                  009263  LF    test0031                  0092AC  LF    
test0032                  0092F5  LF    test0033                  00932E  LF    
test0034                  009367  LF    test0035                  0093A0  LF    
test0036                  0093DA  LF    test0037                  009437  LF    
test0038                  009494  LF    test0039                  0094E5  LF    
test003a                  00953A  LF    test003b                  00959F  LF    
test003c                  0095F9  LF    test003d                  009650  LF    
test003e                  0096B5  LF    test003f                  00971A  LF    
test0040                  00977F  LF    test0041                  0097E2  LF    
test0042                  009845  LF    test0043                  00989E  LF    
test0044                  0098F3  LF    test0045                  009958  LF    
test0046                  0099BD  LF    test0047                  009A17  LF    
test0048                  009A71  LF    test0049                  009ACB  LF    
test004a                  009B25  LF    test004b                  009B7C  LF    
test004c                  009BD3  LF    test004d                  009C0D  LF    
test004e                  009C47  LF    test004f                  009C80  LF    
test0050                  009CCF  LF    test0051                  009D1E  LF    
test0052                  009D63  LF    test0053                  009DAE  LF    
test0054                  009E05  LF    test0055                  009E51  LF    
test0056                  009E9A  LF    test0057                  009EF1  LF    
test0058                  009F48  LF    test0059                  009F9F  LF    
test005a                  009FF4  LF    test005b                  00A049  LF    
test005c                  00A096  LF    test005d                  00A0E1  LF    
test005e                  00A138  LF    test005f                  00A18F  LF    
test0060                  00A1DB  LF    test0061                  00A227  LF    
test0062                  00A273  LF    test0063                  00A2BF  LF    
test0064                  00A308  LF    test0065                  00A351  LF    
test0066                  00A38A  LF    test0067                  00A3C2  LF    
test0068                  00A417  LF    test0069                  00A471  LF    
test006a                  00A4CA  LF    test006b                  00A51F  LF    
test006c                  00A579  LF    test006d                  00A5D3  LF    
test006e                  00A60B  LF    test006f                  00A660  LF    
test0070                  00A6BA  LF    test0071                  00A713  LF    
test0072                  00A768  LF    test0073                  00A7C2  LF    
test0074                  00A81C  LF    test0075                  00A854  LF    
test0076                  00A89F  LF    test0077                  00A8EB  LF    
test0078                  00A938  LF    test0079                  00A983  LF    
test007a                  00A9CF  LF    test007b                  00AA1B  LF    
test007c                  00AA53  LF    test007d                  00AA9E  LF    
test007e                  00AAEA  LF    test007f                  00AB37  LF    
test0080                  00AB82  LF    test0081                  00ABCE  LF    
test0082                  00AC1A  LF    test0083                  00AC54  LF    
test0084                  00AC8E  LF    test0085                  00ACC7  LF    
test0086                  00AD00  LF    test0087                  00AD55  LF    
test0088                  00ADAF  LF    test0089                  00AE08  LF    
test008a                  00AE5D  LF    test008b                  00AEB7  LF    
test008c                  00AF11  LF    test008d                  00AF66  LF    
test008e                  00AFC0  LF    test008f                  00B019  LF    
test0090                  00B06E  LF    test0091                  00B0C8  LF    
test0092                  00B122  LF    test0093                  00B16D  LF    
test0094                  00B1B9  LF    test0095                  00B206  LF    
test0096                  00B251  LF    test0097                  00B29D  LF    
test0098                  00B2E9  LF    test0099                  00B334  LF    
test009a                  00B380  LF    test009b                  00B3CD  LF    
test009c                  00B418  LF    test009d                  00B464  LF    
test009e                  00B4B0  LF    test009f                  00B520  LF    
test00a0                  00B58B  LF    test00a1                  00B5FB  LF    
test00a2                  00B666  LF    test00a3                  00B6A6  LF    
test00a4                  00B6E6  LF    test00a5                  00B756  LF    
test00a6                  00B7C1  LF    test00a7                  00B801  LF    
test00a8                  00B871  LF    test00a9                  00B8DC  LF    
test00aa                  00B91C  LF    test00ab                  00B98C  LF    
test00ac                  00B9F7  LF    test00ad                  00BA37  LF    
test00ae                  00BAA7  LF    test00af                  00BB12  LF    
test00b0                  00BB52  LF    test00b1                  00BBC2  LF    
test00b2                  00BC2D  LF    test00b3                  00BC6D  LF    
test00b4                  00BCDD  LF    test00b5                  00BD48  LF    
test00b6                  00BD88  LF    test00b7                  00BE0F  LF    
test00b8                  00BE96  LF    test00b9                  00BF07  LF    
test00ba                  00BF3F  LF    test00bb                  00BF77  LF    
test00bc                  00BFAF  LF    test00bd                  00BFE7  LF    
test00be                  00C01F  LF    test00bf                  00C057  LF    
test00c0                  00C08F  LF    test00c1                  00C0C7  LF    
test00c2                  00C0FF  LF    test00c3                  00C137  LF    
test00c4                  00C16F  LF    test00c5                  00C1A7  LF    
test00c6                  00C1DF  LF    test00c7                  00C217  LF    
test00c8                  00C251  LF    test00c9                  00C2AE  LF    
test00ca                  00C30B  LF    test00cb                  00C35C  LF    
test00cc                  00C3B1  LF    test00cd                  00C416  LF    
test00ce                  00C470  LF    test00cf                  00C4C7  LF    
test00d0                  00C52C  LF    test00d1                  00C591  LF    
test00d2                  00C5F6  LF    test00d3                  00C659  LF    
test00d4                  00C6BC  LF    test00d5                  00C715  LF    
test00d6                  00C76A  LF    test00d7                  00C7CF  LF    
test00d8                  00C834  LF    test00d9                  00C88E  LF    
test00da                  00C8E8  LF    test00db                  00C942  LF    
test00dc                  00C99C  LF    test00dd                  00C9F3  LF    
test00de                  00CA4A  LF    test00df                  00CA84  LF    
test00e0                  00CAD9  LF    test00e1                  00CB33  LF    
test00e2                  00CB6D  LF    test00e3                  00CBC2  LF    
test00e4                  00CC1C  LF    test00e5                  00CC56  LF    
test00e6                  01802E  LF    test00e7                  01808B  LF    
test00e8                  0180DC  LF    test00e9                  018131  LF    
test00ea                  018196  LF    test00eb                  0181F0  LF    
test00ec                  018247  LF    test00ed                  0182AC  LF    
test00ee                  018311  LF    test00ef                  018376  LF    
test00f0                  0183D9  LF    test00f1                  01843C  LF    
test00f2                  018495  LF    test00f3                  0184EA  LF    
test00f4                  01854F  LF    test00f5                  0185B4  LF    
test00f6                  01860E  LF    test00f7                  018668  LF    
test00f8                  0186C2  LF    test00f9                  01871C  LF    
test00fa                  018773  LF    test00fb                  0187CA  LF    
test00fc                  018804  LF    test00fd                  018859  LF    
test00fe                  0188B3  LF    test00ff                  0188ED  LF    
test0100                  018942  LF    test0101                  01899C  LF    
test0102                  0189D5  LF    test0103                  018A24  LF    
test0104                  018A73  LF    test0105                  018AB8  LF    
test0106                  018B03  LF    test0107                  018B5A  LF    
test0108                  018BA6  LF    test0109                  018BEF  LF    
test010a                  018C46  LF    test010b                  018C9D  LF    
test010c                  018CF4  LF    test010d                  018D49  LF    
test010e                  018D9E  LF    test010f                  018DEB  LF    
test0110                  018E36  LF    test0111                  018E8D  LF    
test0112                  018EE4  LF    test0113                  018F30  LF    
test0114                  018F7C  LF    test0115                  018FC8  LF    
test0116                  019014  LF    test0117                  01905D  LF    
test0118                  0190A6  LF    test0119                  0190DF  LF    
test011a                  01912A  LF    test011b                  019176  LF    
test011c                  0191AF  LF    test011d                  0191FA  LF    
test011e                  019246  LF    test011f                  01927F  LF    
test0120                  0192CE  LF    test0121                  01931D  LF    
test0122                  019362  LF    test0123                  0193AD  LF    
test0124                  019404  LF    test0125                  019450  LF    
test0126                  019499  LF    test0127                  0194F0  LF    
test0128                  019547  LF    test0129                  01959E  LF    
test012a                  0195F3  LF    test012b                  019648  LF    
test012c                  019695  LF    test012d                  0196E0  LF    
test012e                  019737  LF    test012f                  01978E  LF    
test0130                  0197DA  LF    test0131                  019826  LF    
test0132                  019872  LF    test0133                  0198BE  LF    
test0134                  019907  LF    test0135                  019950  LF    
test0136                  019989  LF    test0137                  0199D4  LF    
test0138                  019A20  LF    test0139                  019A59  LF    
test013a                  019AA4  LF    test013b                  019AF0  LF    
test013c                  019B28  LF    test013d                  019B7D  LF    
test013e                  019BD7  LF    test013f                  019C30  LF    
test0140                  019C85  LF    test0141                  019CDF  LF    
test0142                  019D39  LF    test0143                  019D71  LF    
test0144                  019DA9  LF    test0145                  019DE1  LF    
test0146                  019E36  LF    test0147                  019E90  LF    
test0148                  019EE9  LF    test0149                  019F3E  LF    
test014a                  019F98  LF    test014b                  019FF2  LF    
test014c                  01A02A  LF    test014d                  01A062  LF    
test014e                  01A09A  LF    test014f                  01A0E5  LF    
test0150                  01A131  LF    test0151                  01A17E  LF    
test0152                  01A1C9  LF    test0153                  01A215  LF    
test0154                  01A261  LF    test0155                  01A299  LF    
test0156                  01A2D1  LF    test0157                  01A309  LF    
test0158                  01A354  LF    test0159                  01A3A0  LF    
test015a                  01A3ED  LF    test015b                  01A438  LF    
test015c                  01A484  LF    test015d                  01A4D0  LF    
test015e                  01A508  LF    test015f                  01A540  LF    
test0160                  01A57A  LF    test0161                  01A5D7  LF    
test0162                  01A634  LF    test0163                  01A685  LF    
test0164                  01A6DA  LF    test0165                  01A73F  LF    
test0166                  01A799  LF    test0167                  01A7F0  LF    
test0168                  01A855  LF    test0169                  01A8BA  LF    
test016a                  01A91F  LF    test016b                  01A982  LF    
test016c                  01A9E5  LF    test016d                  01AA3E  LF    
test016e                  01AA93  LF    test016f                  01AAF8  LF    
test0170                  01AB5D  LF    test0171                  01ABB7  LF    
test0172                  01AC11  LF    test0173                  01AC6B  LF    
test0174                  01ACC5  LF    test0175                  01AD1C  LF    
test0176                  01AD73  LF    test0177                  01ADAD  LF    
test0178                  01ADE7  LF    test0179                  01AE20  LF    
test017a                  01AE6F  LF    test017b                  01AEBE  LF    
test017c                  01AF03  LF    test017d                  01AF4E  LF    
test017e                  01AFA5  LF    test017f                  01AFF1  LF    
test0180                  01B03A  LF    test0181                  01B091  LF    
test0182                  01B0E8  LF    test0183                  01B13F  LF    
test0184                  01B194  LF    test0185                  01B1E9  LF    
test0186                  01B236  LF    test0187                  01B281  LF    
test0188                  01B2D8  LF    test0189                  01B32F  LF    
test018a                  01B37B  LF    test018b                  01B3C7  LF    
test018c                  01B413  LF    test018d                  01B45F  LF    
test018e                  01B4A8  LF    test018f                  01B4F1  LF    
test0190                  01B52A  LF    test0191                  01B562  LF    
test0192                  01B5B7  LF    test0193                  01B611  LF    
test0194                  01B66A  LF    test0195                  01B6BF  LF    
test0196                  01B719  LF    test0197                  01B773  LF    
test0198                  01B7AB  LF    test0199                  01B7E3  LF    
test019a                  01B81B  LF    test019b                  01B870  LF    
test019c                  01B8CA  LF    test019d                  01B923  LF    
test019e                  01B978  LF    test019f                  01B9D2  LF    
test01a0                  01BA2C  LF    test01a1                  01BA64  LF    
test01a2                  01BA9C  LF    test01a3                  01BAD4  LF    
test01a4                  01BB1F  LF    test01a5                  01BB6B  LF    
test01a6                  01BBB8  LF    test01a7                  01BC03  LF    
test01a8                  01BC4F  LF    test01a9                  01BC9B  LF    
test01aa                  01BCD3  LF    test01ab                  01BD0B  LF    
test01ac                  01BD43  LF    test01ad                  01BD8E  LF    
test01ae                  01BDDA  LF    test01af                  01BE27  LF    
test01b0                  01BE72  LF    test01b1                  01BEBE  LF    
test01b2                  01BF0A  LF    test01b3                  01BF42  LF    
test01b4                  01BF7A  LF    test01b5                  01BFEA  LF    
test01b6                  01C05E  LF    test01b7                  01C0B9  LF    
test01b8                  01C139  LF    test01b9                  01C1B9  LF    
test01ba                  01C23D  LF    test01bb                  01C2CE  LF    
test01bc                  01C362  LF    test01bd                  01C3F6  LF    
test01be                  01C430  LF    test01bf                  01C48D  LF    
test01c0                  01C4EA  LF    test01c1                  01C53B  LF    
test01c2                  01C590  LF    test01c3                  01C5F5  LF    
test01c4                  01C64F  LF    test01c5                  01C6A6  LF    
test01c6                  01C70B  LF    test01c7                  01C770  LF    
test01c8                  01C7D5  LF    test01c9                  01C838  LF    
test01ca                  01C89B  LF    test01cb                  01C8F4  LF    
test01cc                  01C949  LF    test01cd                  01C9AE  LF    
test01ce                  01CA13  LF    test01cf                  01CA6D  LF    
test01d0                  01CAC7  LF    test01d1                  01CB21  LF    
test01d2                  01CB7B  LF    test01d3                  01CBD2  LF    
test01d4                  01CC29  LF    test01d5                  01CC63  LF    
test01d6                  01CCB8  LF    test01d7                  01CD12  LF    
test01d8                  01CD6B  LF    test01d9                  01CDC5  LF    
test01da                  01CDFF  LF    test01db                  01CE54  LF    
test01dc                  01CEAE  LF    test01dd                  01CF07  LF    
test01de                  01CF61  LF    test01df                  01CF9B  LF    
test01e0                  01CFF8  LF    test01e1                  01D055  LF    
test01e2                  01D0A6  LF    test01e3                  01D0FB  LF    
test01e4                  01D160  LF    test01e5                  01D1BA  LF    
test01e6                  01D211  LF    test01e7                  01D276  LF    
test01e8                  01D2DB  LF    test01e9                  01D340  LF    
test01ea                  01D3A3  LF    test01eb                  01D406  LF    
test01ec                  01D45F  LF    test01ed                  01D4B4  LF    
test01ee                  01D519  LF    test01ef                  01D57E  LF    
test01f0                  01D5D8  LF    test01f1                  01D632  LF    
test01f2                  01D68C  LF    test01f3                  01D6E6  LF    
test01f4                  01D73D  LF    test01f5                  01D794  LF    
test01f6                  01D7CE  LF    test01f7                  01D823  LF    
test01f8                  01D87D  LF    test01f9                  01D8D6  LF    
test01fa                  01D930  LF    test01fb                  01D96A  LF    
test01fc                  01D9BF  LF    test01fd                  01DA19  LF    
test01fe                  01DA72  LF    test01ff                  01DACC  LF    
test0200                  01DB05  LF    test0201                  01DB54  LF    
test0202                  01DBA3  LF    test0203                  01DBE8  LF    
test0204                  01DC33  LF    test0205                  01DC8A  LF    
test0206                  01DCD6  LF    test0207                  01DD1F  LF    
test0208                  01DD76  LF    test0209                  01DDCD  LF    
test020a                  01DE24  LF    test020b                  01DE79  LF    
test020c                  01DECE  LF    test020d                  01DF1B  LF    
test020e                  01DF66  LF    test020f                  01DFBD  LF    
test0210                  01E014  LF    test0211                  01E060  LF    
test0212                  01E0AC  LF    test0213                  01E0F8  LF    
test0214                  01E144  LF    test0215                  01E18D  LF    
test0216                  01E1D6  LF    test0217                  01E20F  LF    
test0218                  01E25A  LF    test0219                  01E2A6  LF    
test021a                  01E2F1  LF    test021b                  01E33D  LF    
test021c                  01E376  LF    test021d                  01E3C1  LF    
test021e                  01E40D  LF    test021f                  01E458  LF    
test0220                  01E4A4  LF    test0221                  01E4DD  LF    
test0222                  01E52C  LF    test0223                  01E57B  LF    
test0224                  01E5C0  LF    test0225                  01E60B  LF    
test0226                  01E662  LF    test0227                  01E6AE  LF    
test0228                  01E6F7  LF    test0229                  01E74E  LF    
test022a                  01E7A5  LF    test022b                  01E7FC  LF    
test022c                  01E851  LF    test022d                  01E8A6  LF    
test022e                  01E8F3  LF    test022f                  01E93E  LF    
test0230                  01E995  LF    test0231                  01E9EC  LF    
test0232                  01EA38  LF    test0233                  01EA84  LF    
test0234                  01EAD0  LF    test0235                  01EB1C  LF    
test0236                  01EB65  LF    test0237                  01EBAE  LF    
test0238                  01EBE7  LF    test0239                  01EC32  LF    
test023a                  01EC7E  LF    test023b                  01ECC9  LF    
test023c                  01ED15  LF    test023d                  01ED4E  LF    
test023e                  01ED99  LF    test023f                  01EDE5  LF    
test0240                  01EE30  LF    test0241                  01EE7C  LF    
test0242                  01EEB4  LF    test0243                  01EF09  LF    
test0244                  01EF63  LF    test0245                  01EFBC  LF    
test0246                  01F011  LF    test0247                  01F06B  LF    
test0248                  01F0C5  LF    test0249                  01F0FD  LF    
test024a                  01F152  LF    test024b                  01F1AC  LF    
test024c                  01F205  LF    test024d                  01F25A  LF    
test024e                  02802E  LF    test024f                  028088  LF    
test0250                  0280C0  LF    test0251                  02810B  LF    
test0252                  028157  LF    test0253                  0281A4  LF    
test0254                  0281EF  LF    test0255                  02823B  LF    
test0256                  028287  LF    test0257                  0282BF  LF    
test0258                  02830A  LF    test0259                  028356  LF    
test025a                  0283A3  LF    test025b                  0283EE  LF    
test025c                  02843A  LF    test025d                  028486  LF    
test025e                  028512  LF    test025f                  02857C  LF    
test0260                  0285D8  LF    test0261                  028664  LF    
test0262                  0286F0  LF    test0263                  02875A  LF    
test0264                  0287B6  LF    test0265                  028842  LF    
test0266                  02887C  LF    test0267                  0288D9  LF    
test0268                  028936  LF    test0269                  028987  LF    
test026a                  0289DC  LF    test026b                  028A41  LF    
test026c                  028A9B  LF    test026d                  028AF2  LF    
test026e                  028B57  LF    test026f                  028BBC  LF    
test0270                  028C21  LF    test0271                  028C84  LF    
test0272                  028CE7  LF    test0273                  028D40  LF    
test0274                  028D95  LF    test0275                  028DFA  LF    
test0276                  028E5F  LF    test0277                  028EB9  LF    
test0278                  028F13  LF    test0279                  028F6D  LF    
test027a                  028FC7  LF    test027b                  02901E  LF    
test027c                  029075  LF    test027d                  0290AF  LF    
test027e                  0290E9  LF    test027f                  029122  LF    
test0280                  029171  LF    test0281                  0291C0  LF    
test0282                  029205  LF    test0283                  029250  LF    
test0284                  0292A7  LF    test0285                  0292F3  LF    
test0286                  02933C  LF    test0287                  029393  LF    
test0288                  0293EA  LF    test0289                  029441  LF    
test028a                  029496  LF    test028b                  0294EB  LF    
test028c                  029538  LF    test028d                  029583  LF    
test028e                  0295DA  LF    test028f                  029631  LF    
test0290                  02967D  LF    test0291                  0296C9  LF    
test0292                  029715  LF    test0293                  029761  LF    
test0294                  0297AA  LF    test0295                  0297F3  LF    
test0296                  02982C  LF    test0297                  029864  LF    
test0298                  02989D  LF    test0299                  0298F0  LF    
test029a                  029952  LF    test029b                  0299D0  LF    
test029c                  029A4E  LF    test029d                  029A9B  LF    
test029e                  029AE8  LF    test029f                  029B35  LF    
test02a0                  029B82  LF    test02a1                  029BCF  LF    
test02a2                  029C1C  LF    test02a3                  029C69  LF    
test02a4                  029CB6  LF    test02a5                  029D03  LF    
test02a6                  029D50  LF    test02a7                  029D9D  LF    
test02a8                  029DEA  LF    test02a9                  029E38  LF    
test02aa                  029E86  LF    test02ab                  029EDA  LF    
test02ac                  029F32  LF    test02ad                  029F7A  LF    
test02ae                  029FC2  LF    test02af                  02A00A  LF    
test02b0                  02A05B  LF    test02b1                  02A0A5  LF    
test02b2                  02A0F6  LF    test02b3                  02A140  LF    
test02b4                  02A191  LF    test02b5                  02A1DB  LF    
test02b6                  02A229  LF    test02b7                  02A27E  LF    
test02b8                  02A2E9  LF    test02b9                  02A333  LF    
test02ba                  02A36C  LF    test02bb                  02A3A5  LF    
test02bc                  02A3DE  LF    test02bd                  02A417  LF    
test02be                  02A452  LF    test02bf                  02A48A  LF    
test02c0                  02A4DF  LF    test02c1                  02A539  LF    
test02c2                  02A592  LF    test02c3                  02A5E7  LF    
test02c4                  02A641  LF    test02c5                  02A69B  LF    
test02c6                  02A6D3  LF    test02c7                  02A728  LF    
test02c8                  02A782  LF    test02c9                  02A7DB  LF    
test02ca                  02A830  LF    test02cb                  02A88A  LF    
test02cc                  02A8E4  LF    test02cd                  02A91C  LF    
test02ce                  02A967  LF    test02cf                  02A9B3  LF    
test02d0                  02AA00  LF    test02d1                  02AA4B  LF    
test02d2                  02AA97  LF    test02d3                  02AAE3  LF    
test02d4                  02AB1B  LF    test02d5                  02AB66  LF    
test02d6                  02ABB2  LF    test02d7                  02ABFF  LF    
test02d8                  02AC4A  LF    test02d9                  02AC96  LF    
test02da                  02ACE2  LF    test02db                  02AD1A  LF    
test02dc                  02AD6F  LF    test02dd                  02ADC9  LF    
test02de                  02AE22  LF    test02df                  02AE77  LF    
test02e0                  02AED1  LF    test02e1                  02AF2B  LF    
test02e2                  02AF63  LF    test02e3                  02AFB8  LF    
test02e4                  02B012  LF    test02e5                  02B06B  LF    
test02e6                  02B0C0  LF    test02e7                  02B11A  LF    
test02e8                  02B174  LF    test02e9                  02B1AC  LF    
test02ea                  02B1F7  LF    test02eb                  02B243  LF    
test02ec                  02B290  LF    test02ed                  02B2DB  LF    
test02ee                  02B327  LF    test02ef                  02B373  LF    
test02f0                  02B3AB  LF    test02f1                  02B3F6  LF    
test02f2                  02B442  LF    test02f3                  02B48F  LF    
test02f4                  02B4DA  LF    test02f5                  02B526  LF    
test02f6                  02B572  LF    test02f7                  02B5E0  LF    
test02f8                  02B64A  LF    test02f9                  02B6B9  LF    
test02fa                  02B6F3  LF    test02fb                  02B750  LF    
test02fc                  02B7AD  LF    test02fd                  02B7FE  LF    
test02fe                  02B853  LF    test02ff                  02B8B8  LF    
test0300                  02B912  LF    test0301                  02B969  LF    
test0302                  02B9CE  LF    test0303                  02BA33  LF    
test0304                  02BA98  LF    test0305                  02BAFB  LF    
test0306                  02BB5E  LF    test0307                  02BBB7  LF    
test0308                  02BC0C  LF    test0309                  02BC71  LF    
test030a                  02BCD6  LF    test030b                  02BD30  LF    
test030c                  02BD8A  LF    test030d                  02BDE4  LF    
test030e                  02BE3E  LF    test030f                  02BE95  LF    
test0310                  02BEEC  LF    test0311                  02BF26  LF    
test0312                  02BF60  LF    test0313                  02BF9A  LF    
test0314                  02BFD3  LF    test0315                  02C022  LF    
test0316                  02C071  LF    test0317                  02C0B6  LF    
test0318                  02C101  LF    test0319                  02C158  LF    
test031a                  02C1A4  LF    test031b                  02C1ED  LF    
test031c                  02C244  LF    test031d                  02C29B  LF    
test031e                  02C2F2  LF    test031f                  02C347  LF    
test0320                  02C39C  LF    test0321                  02C3E9  LF    
test0322                  02C434  LF    test0323                  02C48B  LF    
test0324                  02C4E2  LF    test0325                  02C52E  LF    
test0326                  02C57A  LF    test0327                  02C5C6  LF    
test0328                  02C612  LF    test0329                  02C65B  LF    
test032a                  02C6A4  LF    test032b                  02C6DD  LF    
test032c                  02C716  LF    test032d                  02C74F  LF    
test032e                  02C7AC  LF    test032f                  02C809  LF    
test0330                  02C85A  LF    test0331                  02C8AF  LF    
test0332                  02C914  LF    test0333                  02C96E  LF    
test0334                  02C9C5  LF    test0335                  02CA2A  LF    
test0336                  02CA8F  LF    test0337                  02CAF4  LF    
test0338                  02CB57  LF    test0339                  02CBBA  LF    
test033a                  02CC13  LF    test033b                  02CC68  LF    
test033c                  02CCCD  LF    test033d                  02CD32  LF    
test033e                  02CD8C  LF    test033f                  02CDE6  LF    
test0340                  02CE40  LF    test0341                  02CE9A  LF    
test0342                  02CEF1  LF    test0343                  02CF48  LF    
test0344                  02CF9D  LF    test0345                  02CFF7  LF    
test0346                  02D050  LF    test0347                  02D0A5  LF    
test0348                  02D0FF  LF    test0349                  02D158  LF    
test034a                  02D1B5  LF    test034b                  02D212  LF    
test034c                  02D263  LF    test034d                  02D2B8  LF    
test034e                  02D31D  LF    test034f                  02D377  LF    
test0350                  02D3CE  LF    test0351                  02D433  LF    
test0352                  02D498  LF    test0353                  02D4FD  LF    
test0354                  02D560  LF    test0355                  02D5C3  LF    
test0356                  02D61C  LF    test0357                  02D671  LF    
test0358                  02D6D6  LF    test0359                  02D73B  LF    
test035a                  02D795  LF    test035b                  02D7EF  LF    
test035c                  02D849  LF    test035d                  02D8A3  LF    
test035e                  02D8FA  LF    test035f                  02D951  LF    
test0360                  02D9A6  LF    test0361                  02DA00  LF    
test0362                  02DA59  LF    test0363                  02DAAE  LF    
test0364                  02DB08  LF    test0365                  02DB61  LF    
test0366                  02DBB0  LF    test0367                  02DBFF  LF    
test0368                  02DC44  LF    test0369                  02DC8F  LF    
test036a                  02DCE6  LF    test036b                  02DD32  LF    
test036c                  02DD7B  LF    test036d                  02DDD2  LF    
test036e                  02DE29  LF    test036f                  02DE80  LF    
test0370                  02DED5  LF    test0371                  02DF2A  LF    
test0372                  02DF77  LF    test0373                  02DFC2  LF    
test0374                  02E019  LF    test0375                  02E070  LF    
test0376                  02E0BC  LF    test0377                  02E108  LF    
test0378                  02E154  LF    test0379                  02E1A0  LF    
test037a                  02E1E9  LF    test037b                  02E232  LF    
test037c                  02E27D  LF    test037d                  02E2C9  LF    
test037e                  02E314  LF    test037f                  02E35F  LF    
test0380                  02E3AB  LF    test0381                  02E3F6  LF    
test0382                  02E445  LF    test0383                  02E494  LF    
test0384                  02E4D9  LF    test0385                  02E524  LF    
test0386                  02E57B  LF    test0387                  02E5C7  LF    
test0388                  02E610  LF    test0389                  02E667  LF    
test038a                  02E6BE  LF    test038b                  02E715  LF    
test038c                  02E76A  LF    test038d                  02E7BF  LF    
test038e                  02E80C  LF    test038f                  02E857  LF    
test0390                  02E8AE  LF    test0391                  02E905  LF    
test0392                  02E951  LF    test0393                  02E99D  LF    
test0394                  02E9E9  LF    test0395                  02EA35  LF    
test0396                  02EA7E  LF    test0397                  02EAC7  LF    
test0398                  02EB12  LF    test0399                  02EB5E  LF    
test039a                  02EBA9  LF    test039b                  02EBF4  LF    
test039c                  02EC40  LF    test039d                  02EC8B  LF    
test039e                  02ECE0  LF    test039f                  02ED39  LF    
test03a0                  02ED8E  LF    test03a1                  02EDE8  LF    
test03a2                  02EE42  LF    test03a3                  02EE9C  LF    
test03a4                  02EEF1  LF    test03a5                  02EF4A  LF    
test03a6                  02EF9F  LF    test03a7                  02EFF9  LF    
test03a8                  02F053  LF    test03a9                  02F0AD  LF    
test03aa                  02F0F8  LF    test03ab                  02F145  LF    
test03ac                  02F190  LF    test03ad                  02F1DC  LF    
test03ae                  02F228  LF    test03af                  02F274  LF    
test03b0                  02F2C9  LF    test03b1                  02F323  LF    
test03b2                  02F378  LF    test03b3                  02F3D2  LF    
test03b4                  02F41D  LF    test03b5                  02F469  LF    
test03b6                  03802E  LF    test03b7                  03807A  LF    
test03b8                  0380CF  LF    test03b9                  038129  LF    
test03ba                  03817E  LF    test03bb                  0381D8  LF    
test03bc                  038223  LF    test03bd                  03826F  LF    
test03be                  0382BA  LF    test03bf                  038306  LF    
test03c0                  03833E  LF    test03c1                  038376  LF    
test03c2                  0383AE  LF    test03c3                  0383E6  LF    
test03c4                  03841E  LF    test03c5                  038456  LF    
test03c6                  03848E  LF    test03c7                  0384C6  LF    
test03c8                  0384FE  LF    test03c9                  038536  LF    
test03ca                  03856E  LF    test03cb                  0385A6  LF    
test03cc                  0385DE  LF    test03cd                  038616  LF    
test03ce                  03864E  LF    test03cf                  038686  LF    
test03d0                  0386BE  LF    test03d1                  0386F6  LF    
test03d2                  03872E  LF    test03d3                  038766  LF    
test03d4                  03879E  LF    test03d5                  0387D6  LF    
test03d6                  03880E  LF    test03d7                  038846  LF    
test03d8                  03887E  LF    test03d9                  0388B6  LF    
test03da                  0388EE  LF    test03db                  038935  LF    
test03dc                  03896D  LF    test03dd                  0389A5  LF    
test03de                  0389EC  LF    test03df                  038A2F  LF    
test03e0                  038A72  LF    test03e1                  038AB5  LF    
test03e2                  038AF8  LF    test03e3                  038B3B  LF    
test03e4                  038B7A  LF    test03e5                  038BB6  LF    
test03e6                  038BEE  LF    test03e7                  038C26  LF    
test03e8                  038C5E  LF    test03e9                  038C96  LF    
test03ea                  038CCE  LF    test03eb                  038D06  LF    
test03ec                  038D40  LF    test03ed                  038D87  LF    
test03ee                  038DC1  LF    test03ef                  038E1E  LF    
test03f0                  038E7B  LF    test03f1                  038ECC  LF    
test03f2                  038F21  LF    test03f3                  038F86  LF    
test03f4                  038FE0  LF    test03f5                  039037  LF    
test03f6                  03909C  LF    test03f7                  039101  LF    
test03f8                  039166  LF    test03f9                  0391C9  LF    
test03fa                  03922C  LF    test03fb                  039285  LF    
test03fc                  0392DA  LF    test03fd                  03933F  LF    
test03fe                  0393A4  LF    test03ff                  0393FE  LF    
test0400                  039458  LF    test0401                  0394B2  LF    
test0402                  03950C  LF    test0403                  039563  LF    
test0404                  0395BA  LF    test0405                  0395F4  LF    
test0406                  03962E  LF    test0407                  039667  LF    
test0408                  0396B6  LF    test0409                  039705  LF    
test040a                  03974A  LF    test040b                  039795  LF    
test040c                  0397EC  LF    test040d                  039838  LF    
test040e                  039881  LF    test040f                  0398D8  LF    
test0410                  03992F  LF    test0411                  039986  LF    
test0412                  0399DB  LF    test0413                  039A30  LF    
test0414                  039A7D  LF    test0415                  039AC8  LF    
test0416                  039B1F  LF    test0417                  039B76  LF    
test0418                  039BC2  LF    test0419                  039C0E  LF    
test041a                  039C5A  LF    test041b                  039CA6  LF    
test041c                  039CEF  LF    test041d                  039D38  LF    
test041e                  039D71  LF    test041f                  039DAA  LF    
test0420                  039DE4  LF    test0421                  039E41  LF    
test0422                  039E9E  LF    test0423                  039EEF  LF    
test0424                  039F44  LF    test0425                  039FA9  LF    
test0426                  03A003  LF    test0427                  03A05A  LF    
test0428                  03A0BF  LF    test0429                  03A124  LF    
test042a                  03A189  LF    test042b                  03A1EC  LF    
test042c                  03A24F  LF    test042d                  03A2A8  LF    
test042e                  03A2FD  LF    test042f                  03A362  LF    
test0430                  03A3C7  LF    test0431                  03A421  LF    
test0432                  03A47B  LF    test0433                  03A4D5  LF    
test0434                  03A52F  LF    test0435                  03A586  LF    
test0436                  03A5DD  LF    test0437                  03A617  LF    
test0438                  03A651  LF    test0439                  03A68B  LF    
test043a                  03A6C4  LF    test043b                  03A713  LF    
test043c                  03A762  LF    test043d                  03A7A7  LF    
test043e                  03A7F2  LF    test043f                  03A849  LF    
test0440                  03A895  LF    test0441                  03A8DE  LF    
test0442                  03A935  LF    test0443                  03A98C  LF    
test0444                  03A9E3  LF    test0445                  03AA38  LF    
test0446                  03AA8D  LF    test0447                  03AADA  LF    
test0448                  03AB25  LF    test0449                  03AB7C  LF    
test044a                  03ABD3  LF    test044b                  03AC1F  LF    
test044c                  03AC6B  LF    test044d                  03ACB7  LF    
test044e                  03AD03  LF    test044f                  03AD4C  LF    
test0450                  03AD95  LF    test0451                  03ADCE  LF    
test0452                  03AE07  LF    


Exports list by value:
----------------------
test0000                  008294  LF    test0001                  00830A  LF    
test0002                  008344  LF    test0003                  0083A1  LF    
test0004                  0083FE  LF    test0005                  00844F  LF    
test0006                  0084A4  LF    test0007                  008509  LF    
test0008                  008563  LF    test0009                  0085BA  LF    
test000a                  00861F  LF    test000b                  008684  LF    
test000c                  0086E9  LF    test000d                  00874C  LF    
test000e                  0087AF  LF    test000f                  008808  LF    
test0010                  00885D  LF    test0011                  0088C2  LF    
test0012                  008927  LF    test0013                  008981  LF    
test0014                  0089DB  LF    test0015                  008A35  LF    
test0016                  008A8F  LF    test0017                  008AE6  LF    
test0018                  008B3D  LF    test0019                  008B77  LF    
test001a                  008BB1  LF    test001b                  008BEB  LF    
test001c                  008C24  LF    test001d                  008C73  LF    
test001e                  008CC2  LF    test001f                  008D07  LF    
test0020                  008D52  LF    test0021                  008DA9  LF    
test0022                  008DF5  LF    test0023                  008E3E  LF    
test0024                  008E95  LF    test0025                  008EEC  LF    
test0026                  008F43  LF    test0027                  008F98  LF    
test0028                  008FED  LF    test0029                  00903A  LF    
test002a                  009085  LF    test002b                  0090DC  LF    
test002c                  009133  LF    test002d                  00917F  LF    
test002e                  0091CB  LF    test002f                  009217  LF    
test0030                  009263  LF    test0031                  0092AC  LF    
test0032                  0092F5  LF    test0033                  00932E  LF    
test0034                  009367  LF    test0035                  0093A0  LF    
test0036                  0093DA  LF    test0037                  009437  LF    
test0038                  009494  LF    test0039                  0094E5  LF    
test003a                  00953A  LF    test003b                  00959F  LF    
test003c                  0095F9  LF    test003d                  009650  LF    
test003e                  0096B5  LF    test003f                  00971A  LF    
test0040                  00977F  LF    test0041                  0097E2  LF    
test0042                  009845  LF    test0043                  00989E  LF    
test0044                  0098F3  LF    test0045                  009958  LF    
test0046                  0099BD  LF    test0047                  009A17  LF    
test0048                  009A71  LF    test0049                  009ACB  LF    
test004a                  009B25  LF    test004b                  009B7C  LF    
test004c                  009BD3  LF    test004d                  009C0D  LF    
test004e                  009C47  LF    test004f                  009C80  LF    
test0050                  009CCF  LF    test0051                  009D1E  LF    
test0052                  009D63  LF    test0053                  009DAE  LF    
test0054                  009E05  LF    test0055                  009E51  LF    
test0056                  009E9A  LF    test0057                  009EF1  LF    
test0058                  009F48  LF    test0059                  009F9F  LF    
test005a                  009FF4  LF    test005b                  00A049  LF    
test005c                  00A096  LF    test005d                  00A0E1  LF    
test005e                  00A138  LF    test005f                  00A18F  LF    
test0060                  00A1DB  LF    test0061                  00A227  LF    
test0062                  00A273  LF    test0063                  00A2BF  LF    
test0064                  00A308  LF    test0065                  00A351  LF    
test0066                  00A38A  LF    test0067                  00A3C2  LF    
test0068                  00A417  LF    test0069                  00A471  LF    
test006a                  00A4CA  LF    test006b                  00A51F  LF    
test006c                  00A579  LF    test006d                  00A5D3  LF    
test006e                  00A60B  LF    test006f                  00A660  LF    
test0070                  00A6BA  LF    test0071                  00A713  LF    
test0072                  00A768  LF    test0073                  00A7C2  LF    
test0074                  00A81C  LF    test0075                  00A854  LF    
test0076                  00A89F  LF    test0077                  00A8EB  LF    
test0078                  00A938  LF    test0079                  00A983  LF    
test007a                  00A9CF  LF    test007b                  00AA1B  LF    
test007c                  00AA53  LF    test007d                  00AA9E  LF    
test007e                  00AAEA  LF    test007f                  00AB37  LF    
test0080                  00AB82  LF    test0081                  00ABCE  LF    
test0082                  00AC1A  LF    test0083                  00AC54  LF    
test0084                  00AC8E  LF    test0085                  00ACC7  LF    
test0086                  00AD00  LF    test0087                  00AD55  LF    
test0088                  00ADAF  LF    test0089                  00AE08  LF    
test008a                  00AE5D  LF    test008b                  00AEB7  LF    
test008c                  00AF11  LF    test008d                  00AF66  LF    
test008e                  00AFC0  LF    test008f                  00B019  LF    
test0090                  00B06E  LF    test0091                  00B0C8  LF    
test0092                  00B122  LF    test0093                  00B16D  LF    
test0094                  00B1B9  LF    test0095                  00B206  LF    
test0096                  00B251  LF    test0097                  00B29D  LF    
test0098                  00B2E9  LF    test0099                  00B334  LF    
test009a                  00B380  LF    test009b                  00B3CD  LF    
test009c                  00B418  LF    test009d                  00B464  LF    
test009e                  00B4B0  LF    test009f                  00B520  LF    
test00a0                  00B58B  LF    test00a1                  00B5FB  LF    
test00a2                  00B666  LF    test00a3                  00B6A6  LF    
test00a4                  00B6E6  LF    test00a5                  00B756  LF    
test00a6                  00B7C1  LF    test00a7                  00B801  LF    
test00a8                  00B871  LF    test00a9                  00B8DC  LF    
test00aa                  00B91C  LF    test00ab                  00B98C  LF    
test00ac                  00B9F7  LF    test00ad                  00BA37  LF    
test00ae                  00BAA7  LF    test00af                  00BB12  LF    
test00b0                  00BB52  LF    test00b1                  00BBC2  LF    
test00b2                  00BC2D  LF    test00b3                  00BC6D  LF    
test00b4                  00BCDD  LF    test00b5                  00BD48  LF    
test00b6                  00BD88  LF    test00b7                  00BE0F  LF    
test00b8                  00BE96  LF    test00b9                  00BF07  LF    
test00ba                  00BF3F  LF    test00bb                  00BF77  LF    
test00bc                  00BFAF  LF    test00bd                  00BFE7  LF    
test00be                  00C01F  LF    test00bf                  00C057  LF    
test00c0                  00C08F  LF    test00c1                  00C0C7  LF    
test00c2                  00C0FF  LF    test00c3                  00C137  LF    
test00c4                  00C16F  LF    test00c5                  00C1A7  LF    
test00c6                  00C1DF  LF    test00c7                  00C217  LF    
test00c8                  00C251  LF    test00c9                  00C2AE  LF    
test00ca                  00C30B  LF    test00cb                  00C35C  LF    
test00cc                  00C3B1  LF    test00cd                  00C416  LF    
test00ce                  00C470  LF    test00cf                  00C4C7  LF    
test00d0                  00C52C  LF    test00d1                  00C591  LF    
test00d2                  00C5F6  LF    test00d3                  00C659  LF    
test00d4                  00C6BC  LF    test00d5                  00C715  LF    
test00d6                  00C76A  LF    test00d7                  00C7CF  LF    
test00d8                  00C834  LF    test00d9                  00C88E  LF    
test00da                  00C8E8  LF    test00db                  00C942  LF    
test00dc                  00C99C  LF    test00dd                  00C9F3  LF    
test00de                  00CA4A  LF    test00df                  00CA84  LF    
test00e0                  00CAD9  LF    test00e1                  00CB33  LF    
test00e2                  00CB6D  LF    test00e3                  00CBC2  LF    
test00e4                  00CC1C  LF    test00e5                  00CC56  LF    
test00e6                  01802E  LF    test00e7                  01808B  LF    
test00e8                  0180DC  LF    test00e9                  018131  LF    
test00ea                  018196  LF    test00eb                  0181F0  LF    
test00ec                  018247  LF    test00ed                  0182AC  LF    
test00ee                  018311  LF    test00ef                  018376  LF    
test00f0                  0183D9  LF    test00f1                  01843C  LF    
test00f2                  018495  LF    test00f3                  0184EA  LF    
test00f4                  01854F  LF    test00f5                  0185B4  LF    
test00f6                  01860E  LF    test00f7                  018668  LF    
test00f8                  0186C2  LF    test00f9                  01871C  LF    
test00fa                  018773  LF    test00fb                  0187CA  LF    
test00fc                  018804  LF    test00fd                  018859  LF    
test00fe                  0188B3  LF    test00ff                  0188ED  LF    
test0100                  018942  LF    test0101                  01899C  LF    
test0102                  0189D5  LF    test0103                  018A24  LF    
test0104                  018A73  LF    test0105                  018AB8  LF    
test0106                  018B03  LF    test0107                  018B5A  LF    
test0108                  018BA6  LF    test0109                  018BEF  LF    
test010a                  018C46  LF    test010b                  018C9D  LF    
test010c                  018CF4  LF    test010d                  018D49  LF    
test010e                  018D9E  LF    test010f                  018DEB  LF    
test0110                  018E36  LF    test0111                  018E8D  LF    
test0112                  018EE4  LF    test0113                  018F30  LF    
test0114                  018F7C  LF    test0115                  018FC8  LF    
test0116                  019014  LF    test0117                  01905D  LF    
test0118                  0190A6  LF    test0119                  0190DF  LF    
test011a                  01912A  LF    test011b                  019176  LF    
test011c                  0191AF  LF    test011d                  0191FA  LF    
test011e                  019246  LF    test011f                  01927F  LF    
test0120                  0192CE  LF    test0121                  01931D  LF    
test0122                  019362  LF    test0123                  0193AD  LF    
test0124                  019404  LF    test0125                  019450  LF    
test0126                  019499  LF    test0127                  0194F0  LF    
test0128                  019547  LF    test0129                  01959E  LF    
test012a                  0195F3  LF    test012b                  019648  LF    
test012c                  019695  LF    test012d                  0196E0  LF    
test012e                  019737  LF    test012f                  01978E  LF    
test0130                  0197DA  LF    test0131                  019826  LF    
test0132                  019872  LF    test0133                  0198BE  LF    
test0134                  019907  LF    test0135                  019950  LF    
test0136                  019989  LF    test0137                  0199D4  LF    
test0138                  019A20  LF    test0139                  019A59  LF    
test013a                  019AA4  LF    test013b                  019AF0  LF    
test013c                  019B28  LF    test013d                  019B7D  LF    
test013e                  019BD7  LF    test013f                  019C30  LF    
test0140                  019C85  LF    test0141                  019CDF  LF    
test0142                  019D39  LF    test0143                  019D71  LF    
test0144                  019DA9  LF    test0145                  019DE1  LF    
test0146                  019E36  LF    test0147                  019E90  LF    
test0148                  019EE9  LF    test0149                  019F3E  LF    
test014a                  019F98  LF    test014b                  019FF2  LF    
test014c                  01A02A  LF    test014d                  01A062  LF    
test014e                  01A09A  LF    test014f                  01A0E5  LF    
test0150                  01A131  LF    test0151                  01A17E  LF    
test0152                  01A1C9  LF    test0153                  01A215  LF    
test0154                  01A261  LF    test0155                  01A299  LF    
test0156                  01A2D1  LF    test0157                  01A309  LF    
test0158                  01A354  LF    test0159                  01A3A0  LF    
test015a                  01A3ED  LF    test015b                  01A438  LF    
test015c                  01A484  LF    test015d                  01A4D0  LF    
test015e                  01A508  LF    test015f                  01A540  LF    
test0160                  01A57A  LF    test0161                  01A5D7  LF    
test0162                  01A634  LF    test0163                  01A685  LF    
test0164                  01A6DA  LF    test0165                  01A73F  LF    
test0166                  01A799  LF    test0167                  01A7F0  LF    
test0168                  01A855  LF    test0169                  01A8BA  LF    
test016a                  01A91F  LF    test016b                  01A982  LF    
test016c                  01A9E5  LF    test016d                  01AA3E  LF    
test016e                  01AA93  LF    test016f                  01AAF8  LF    
test0170                  01AB5D  LF    test0171                  01ABB7  LF    
test0172                  01AC11  LF    test0173                  01AC6B  LF    
test0174                  01ACC5  LF    test0175                  01AD1C  LF    
test0176                  01AD73  LF    test0177                  01ADAD  LF    
test0178                  01ADE7  LF    test0179                  01AE20  LF    
test017a                  01AE6F  LF    test017b                  01AEBE  LF    
test017c                  01AF03  LF    test017d                  01AF4E  LF    
test017e                  01AFA5  LF    test017f                  01AFF1  LF    
test0180                  01B03A  LF    test0181                  01B091  LF    
test0182                  01B0E8  LF    test0183                  01B13F  LF    
test0184                  01B194  LF    test0185                  01B1E9  LF    
test0186                  01B236  LF    test0187                  01B281  LF    
test0188                  01B2D8  LF    test0189                  01B32F  LF    
test018a                  01B37B  LF    test018b                  01B3C7  LF    
test018c                  01B413  LF    test018d                  01B45F  LF    
test018e                  01B4A8  LF    test018f                  01B4F1  LF    
test0190                  01B52A  LF    test0191                  01B562  LF    
test0192                  01B5B7  LF    test0193                  01B611  LF    
test0194                  01B66A  LF    test0195                  01B6BF  LF    
test0196                  01B719  LF    test0197                  01B773  LF    
test0198                  01B7AB  LF    test0199                  01B7E3  LF    
test019a                  01B81B  LF    test019b                  01B870  LF    
test019c                  01B8CA  LF    test019d                  01B923  LF    
test019e                  01B978  LF    test019f                  01B9D2  LF    
test01a0                  01BA2C  LF    test01a1                  01BA64  LF    
test01a2                  01BA9C  LF    test01a3                  01BAD4  LF    
test01a4                  01BB1F  LF    test01a5                  01BB6B  LF    
test01a6                  01BBB8  LF    test01a7                  01BC03  LF    
test01a8                  01BC4F  LF    test01a9                  01BC9B  LF    
test01aa                  01BCD3  LF    test01ab                  01BD0B  LF    
test01ac                  01BD43  LF    test01ad                  01BD8E  LF    
test01ae                  01BDDA  LF    test01af                  01BE27  LF    
test01b0                  01BE72  LF    test01b1                  01BEBE  LF    
test01b2                  01BF0A  LF    test01b3                  01BF42  LF    
test01b4                  01BF7A  LF    test01b5                  01BFEA  LF    
test01b6                  01C05E  LF    test01b7                  01C0B9  LF    
test01b8                  01C139  LF    test01b9                  01C1B9  LF    
test01ba                  01C23D  LF    test01bb                  01C2CE  LF    
test01bc                  01C362  LF    test01bd                  01C3F6  LF    
test01be                  01C430  LF    test01bf                  01C48D  LF    
test01c0                  01C4EA  LF    test01c1                  01C53B  LF    
test01c2                  01C590  LF    test01c3                  01C5F5  LF    
test01c4                  01C64F  LF    test01c5                  01C6A6  LF    
test01c6                  01C70B  LF    test01c7                  01C770  LF    
test01c8                  01C7D5  LF    test01c9                  01C838  LF    
test01ca                  01C89B  LF    test01cb                  01C8F4  LF    
test01cc                  01C949  LF    test01cd                  01C9AE  LF    
test01ce                  01CA13  LF    test01cf                  01CA6D  LF    
test01d0                  01CAC7  LF    test01d1                  01CB21  LF    
test01d2                  01CB7B  LF    test01d3                  01CBD2  LF    
test01d4                  01CC29  LF    test01d5                  01CC63  LF    
test01d6                  01CCB8  LF    test01d7                  01CD12  LF    
test01d8                  01CD6B  LF    test01d9                  01CDC5  LF    
test01da                  01CDFF  LF    test01db                  01CE54  LF    
test01dc                  01CEAE  LF    test01dd                  01CF07  LF    
test01de                  01CF61  LF    test01df                  01CF9B  LF    
test01e0                  01CFF8  LF    test01e1                  01D055  LF    
test01e2                  01D0A6  LF    test01e3                  01D0FB  LF    
test01e4                  01D160  LF    test01e5                  01D1BA  LF    
test01e6                  01D211  LF    test01e7                  01D276  LF    
test01e8                  01D2DB  LF    test01e9                  01D340  LF    
test01ea                  01D3A3  LF    test01eb                  01D406  LF    
test01ec                  01D45F  LF    test01ed                  01D4B4  LF    
test01ee                  01D519  LF    test01ef                  01D57E  LF    
test01f0                  01D5D8  LF    test01f1                  01D632  LF    
test01f2                  01D68C  LF    test01f3                  01D6E6  LF    
test01f4                  01D73D  LF    test01f5                  01D794  LF    
test01f6                  01D7CE  LF    test01f7                  01D823  LF    
test01f8                  01D87D  LF    test01f9                  01D8D6  LF    
test01fa                  01D930  LF    test01fb                  01D96A  LF    
test01fc                  01D9BF  LF    test01fd                  01DA19  LF    
test01fe                  01DA72  LF    test01ff                  01DACC  LF    
test0200                  01DB05  LF    test0201                  01DB54  LF    
test0202                  01DBA3  LF    test0203                  01DBE8  LF    
test0204                  01DC33  LF    test0205                  01DC8A  LF    
test0206                  01DCD6  LF    test0207                  01DD1F  LF    
test0208                  01DD76  LF    test0209                  01DDCD  LF    
test020a                  01DE24  LF    test020b                  01DE79  LF    
test020c                  01DECE  LF    test020d                  01DF1B  LF    
test020e                  01DF66  LF    test020f                  01DFBD  LF    
test0210                  01E014  LF    test0211                  01E060  LF    
test0212                  01E0AC  LF    test0213                  01E0F8  LF    
test0214                  01E144  LF    test0215                  01E18D  LF    
test0216                  01E1D6  LF    test0217                  01E20F  LF    
test0218                  01E25A  LF    test0219                  01E2A6  LF    
test021a                  01E2F1  LF    test021b                  01E33D  LF    
test021c                  01E376  LF    test021d                  01E3C1  LF    
test021e                  01E40D  LF    test021f                  01E458  LF    
test0220                  01E4A4  LF    test0221                  01E4DD  LF    
test0222                  01E52C  LF    test0223                  01E57B  LF    
test0224                  01E5C0  LF    test0225                  01E60B  LF    
test0226                  01E662  LF    test0227                  01E6AE  LF    
test0228                  01E6F7  LF    test0229                  01E74E  LF    
test022a                  01E7A5  LF    test022b                  01E7FC  LF    
test022c                  01E851  LF    test022d                  01E8A6  LF    
test022e                  01E8F3  LF    test022f                  01E93E  LF    
test0230                  01E995  LF    test0231                  01E9EC  LF    
test0232                  01EA38  LF    test0233                  01EA84  LF    
test0234                  01EAD0  LF    test0235                  01EB1C  LF    
test0236                  01EB65  LF    test0237                  01EBAE  LF    
test0238                  01EBE7  LF    test0239                  01EC32  LF    
test023a                  01EC7E  LF    test023b                  01ECC9  LF    
test023c                  01ED15  LF    test023d                  01ED4E  LF    
test023e                  01ED99  LF    test023f                  01EDE5  LF    
test0240                  01EE30  LF    test0241                  01EE7C  LF    
test0242                  01EEB4  LF    test0243                  01EF09  LF    
test0244                  01EF63  LF    test0245                  01EFBC  LF    
test0246                  01F011  LF    test0247                  01F06B  LF    
test0248                  01F0C5  LF    test0249                  01F0FD  LF    
test024a                  01F152  LF    test024b                  01F1AC  LF    
test024c                  01F205  LF    test024d                  01F25A  LF    
test024e                  02802E  LF    test024f                  028088  LF    
test0250                  0280C0  LF    test0251                  02810B  LF    
test0252                  028157  LF    test0253                  0281A4  LF    
test0254                  0281EF  LF    test0255                  02823B  LF    
test0256                  028287  LF    test0257                  0282BF  LF    
test0258                  02830A  LF    test0259                  028356  LF    
test025a                  0283A3  LF    test025b                  0283EE  LF    
test025c                  02843A  LF    test025d                  028486  LF    
test025e                  028512  LF    test025f                  02857C  LF    
test0260                  0285D8  LF    test0261                  028664  LF    
test0262                  0286F0  LF    test0263                  02875A  LF    
test0264                  0287B6  LF    test0265                  028842  LF    
test0266                  02887C  LF    test0267                  0288D9  LF    
test0268                  028936  LF    test0269                  028987  LF    
test026a                  0289DC  LF    test026b                  028A41  LF    
test026c                  028A9B  LF    test026d                  028AF2  LF    
test026e                  028B57  LF    test026f                  028BBC  LF    
test0270                  028C21  LF    test0271                  028C84  LF    
test0272                  028CE7  LF    test0273                  028D40  LF    
test0274                  028D95  LF    test0275                  028DFA  LF    
test0276                  028E5F  LF    test0277                  028EB9  LF    
test0278                  028F13  LF    test0279                  028F6D  LF    
test027a                  028FC7  LF    test027b                  02901E  LF    
test027c                  029075  LF    test027d                  0290AF  LF    
test027e                  0290E9  LF    test027f                  029122  LF    
test0280                  029171  LF    test0281                  0291C0  LF    
test0282                  029205  LF    test0283                  029250  LF    
test0284                  0292A7  LF    test0285                  0292F3  LF    
test0286                  02933C  LF    test0287                  029393  LF    
test0288                  0293EA  LF    test0289                  029441  LF    
test028a                  029496  LF    test028b                  0294EB  LF    
test028c                  029538  LF    test028d                  029583  LF    
test028e                  0295DA  LF    test028f                  029631  LF    
test0290                  02967D  LF    test0291                  0296C9  LF    
test0292                  029715  LF    test0293                  029761  LF    
test0294                  0297AA  LF    test0295                  0297F3  LF    
test0296                  02982C  LF    test0297                  029864  LF    
test0298                  02989D  LF    test0299                  0298F0  LF    
test029a                  029952  LF    test029b                  0299D0  LF    
test029c                  029A4E  LF    test029d                  029A9B  LF    
test029e                  029AE8  LF    test029f                  029B35  LF    
test02a0                  029B82  LF    test02a1                  029BCF  LF    
test02a2                  029C1C  LF    test02a3                  029C69  LF    
test02a4                  029CB6  LF    test02a5                  029D03  LF    
test02a6                  029D50  LF    test02a7                  029D9D  LF    
test02a8                  029DEA  LF    test02a9                  029E38  LF    
test02aa                  029E86  LF    test02ab                  029EDA  LF    
test02ac                  029F32  LF    test02ad                  029F7A  LF    
test02ae                  029FC2  LF    test02af                  02A00A  LF    
test02b0                  02A05B  LF    test02b1                  02A0A5  LF    
test02b2                  02A0F6  LF    test02b3                  02A140  LF    
test02b4                  02A191  LF    test02b5                  02A1DB  LF    
test02b6                  02A229  LF    test02b7                  02A27E  LF    
test02b8                  02A2E9  LF    test02b9                  02A333  LF    
test02ba                  02A36C  LF    test02bb                  02A3A5  LF    
test02bc                  02A3DE  LF    test02bd                  02A417  LF    
test02be                  02A452  LF    test02bf                  02A48A  LF    
test02c0                  02A4DF  LF    test02c1                  02A539  LF    
test02c2                  02A592  LF    test02c3                  02A5E7  LF    
test02c4                  02A641  LF    test02c5                  02A69B  LF    
test02c6                  02A6D3  LF    test02c7                  02A728  LF    
test02c8                  02A782  LF    test02c9                  02A7DB  LF    
test02ca                  02A830  LF    test02cb                  02A88A  LF    
test02cc                  02A8E4  LF    test02cd                  02A91C  LF    
test02ce                  02A967  LF    test02cf                  02A9B3  LF    
test02d0                  02AA00  LF    test02d1                  02AA4B  LF    
test02d2                  02AA97  LF    test02d3                  02AAE3  LF    
test02d4                  02AB1B  LF    test02d5                  02AB66  LF    
test02d6                  02ABB2  LF    test02d7                  02ABFF  LF    
test02d8                  02AC4A  LF    test02d9                  02AC96  LF    
test02da                  02ACE2  LF    test02db                  02AD1A  LF    
test02dc                  02AD6F  LF    test02dd                  02ADC9  LF    
test02de                  02AE22  LF    test02df                  02AE77  LF    
test02e0                  02AED1  LF    test02e1                  02AF2B  LF    
test02e2                  02AF63  LF    test02e3                  02AFB8  LF    
test02e4                  02B012  LF    test02e5                  02B06B  LF    
test02e6                  02B0C0  LF    test02e7                  02B11A  LF    
test02e8                  02B174  LF    test02e9                  02B1AC  LF    
test02ea                  02B1F7  LF    test02eb                  02B243  LF    
test02ec                  02B290  LF    test02ed                  02B2DB  LF    
test02ee                  02B327  LF    test02ef                  02B373  LF    
test02f0                  02B3AB  LF    test02f1                  02B3F6  LF    
test02f2                  02B442  LF    test02f3                  02B48F  LF    
test02f4                  02B4DA  LF    test02f5                  02B526  LF    
test02f6                  02B572  LF    test02f7                  02B5E0  LF    
test02f8                  02B64A  LF    test02f9                  02B6B9  LF    
test02fa                  02B6F3  LF    test02fb                  02B750  LF    
test02fc                  02B7AD  LF    test02fd                  02B7FE  LF    
test02fe                  02B853  LF    test02ff                  02B8B8  LF    
test0300                  02B912  LF    test0301                  02B969  LF    
test0302                  02B9CE  LF    test0303                  02BA33  LF    
test0304                  02BA98  LF    test0305                  02BAFB  LF    
test0306                  02BB5E  LF    test0307                  02BBB7  LF    
test0308                  02BC0C  LF    test0309                  02BC71  LF    
test030a                  02BCD6  LF    test030b                  02BD30  LF    
test030c                  02BD8A  LF    test030d                  02BDE4  LF    
test030e                  02BE3E  LF    test030f                  02BE95  LF    
test0310                  02BEEC  LF    test0311                  02BF26  LF    
test0312                  02BF60  LF    test0313                  02BF9A  LF    
test0314                  02BFD3  LF    test0315                  02C022  LF    
test0316                  02C071  LF    test0317                  02C0B6  LF    
test0318                  02C101  LF    test0319                  02C158  LF    
test031a                  02C1A4  LF    test031b                  02C1ED  LF    
test031c                  02C244  LF    test031d                  02C29B  LF    
test031e                  02C2F2  LF    test031f                  02C347  LF    
test0320                  02C39C  LF    test0321                  02C3E9  LF    
test0322                  02C434  LF    test0323                  02C48B  LF    
test0324                  02C4E2  LF    test0325                  02C52E  LF    
test0326                  02C57A  LF    test0327                  02C5C6  LF    
test0328                  02C612  LF    test0329                  02C65B  LF    
test032a                  02C6A4  LF    test032b                  02C6DD  LF    
test032c                  02C716  LF    test032d                  02C74F  LF    
test032e                  02C7AC  LF    test032f                  02C809  LF    
test0330                  02C85A  LF    test0331                  02C8AF  LF    
test0332                  02C914  LF    test0333                  02C96E  LF    
test0334                  02C9C5  LF    test0335                  02CA2A  LF    
[...]
test0189 (cputest-basic.o):
test018a (cputest-basic.o):
test018b (cputest-basic.o):
test018c (cputest-basic.o):
test018d (cputest-basic.o):
test018e (cputest-basic.o):
test018f (cputest-basic.o):
test0190 (cputest-basic.o):
test0191 (cputest-basic.o):
test0192 (cputest-basic.o):
test0193 (cputest-basic.o):
test0194 (cputest-basic.o):
test0195 (cputest-basic.o):
test0196 (cputest-basic.o):
test0197 (cputest-basic.o):
test0198 (cputest-basic.o):
test0199 (cputest-basic.o):
test019a (cputest-basic.o):
test019b (cputest-basic.o):
test019c (cputest-basic.o):
test019d (cputest-basic.o):
test019e (cputest-basic.o):
test019f (cputest-basic.o):
test01a0 (cputest-basic.o):
test01a1 (cputest-basic.o):
test01a2 (cputest-basic.o):
test01a3 (cputest-basic.o):
test01a4 (cputest-basic.o):
test01a5 (cputest-basic.o):
test01a6 (cputest-basic.o):
test01a7 (cputest-basic.o):
test01a8 (cputest-basic.o):
test01a9 (cputest-basic.o):
test01aa (cputest-basic.o):
test01ab (cputest-basic.o):
test01ac (cputest-basic.o):
test01ad (cputest-basic.o):
test01ae (cputest-basic.o):
test01af (cputest-basic.o):
test01b0 (cputest-basic.o):
test01b1 (cputest-basic.o):
test01b2 (cputest-basic.o):
test01b3 (cputest-basic.o):
test01b4 (cputest-basic.o):
test01b5 (cputest-basic.o):
test01b6 (cputest-basic.o):
test01b7 (cputest-basic.o):
test01b8 (cputest-basic.o):
test01b9 (cputest-basic.o):
test01ba (cputest-basic.o):
test01bb (cputest-basic.o):
test01bc (cputest-basic.o):
test01bd (cputest-basic.o):
test01be (cputest-basic.o):
test01bf (cputest-basic.o):
test01c0 (cputest-basic.o):
test01c1 (cputest-basic.o):
test01c2 (cputest-basic.o):
test01c3 (cputest-basic.o):
test01c4 (cputest-basic.o):
test01c5 (cputest-basic.o):
test01c6 (cputest-basic.o):
test01c7 (cputest-basic.o):
test01c8 (cputest-basic.o):
test01c9 (cputest-basic.o):
test01ca (cputest-basic.o):
test01cb (cputest-basic.o):
test01cc (cputest-basic.o):
test01cd (cputest-basic.o):
test01ce (cputest-basic.o):
test01cf (cputest-basic.o):
test01d0 (cputest-basic.o):
test01d1 (cputest-basic.o):
test01d2 (cputest-basic.o):
test01d3 (cputest-basic.o):
test01d4 (cputest-basic.o):
test01d5 (cputest-basic.o):
test01d6 (cputest-basic.o):
test01d7 (cputest-basic.o):
test01d8 (cputest-basic.o):
test01d9 (cputest-basic.o):
test01da (cputest-basic.o):
test01db (cputest-basic.o):
test01dc (cputest-basic.o):
test01dd (cputest-basic.o):
test01de (cputest-basic.o):
test01df (cputest-basic.o):
test01e0 (cputest-basic.o):
test01e1 (cputest-basic.o):
test01e2 (cputest-basic.o):
test01e3 (cputest-basic.o):
test01e4 (cputest-basic.o):
test01e5 (cputest-basic.o):
test01e6 (cputest-basic.o):
test01e7 (cputest-basic.o):
test01e8 (cputest-basic.o):
test01e9 (cputest-basic.o):
test01ea (cputest-basic.o):
test01eb (cputest-basic.o):
test01ec (cputest-basic.o):
test01ed (cputest-basic.o):
test01ee (cputest-basic.o):
test01ef (cputest-basic.o):
test01f0 (cputest-basic.o):
test01f1 (cputest-basic.o):
test01f2 (cputest-basic.o):
test01f3 (cputest-basic.o):
test01f4 (cputest-basic.o):
test01f5 (cputest-basic.o):
test01f6 (cputest-basic.o):
test01f7 (cputest-basic.o):
test01f8 (cputest-basic.o):
test01f9 (cputest-basic.o):
test01fa (cputest-basic.o):
test01fb (cputest-basic.o):
test01fc (cputest-basic.o):
test01fd (cputest-basic.o):
test01fe (cputest-basic.o):
test01ff (cputest-basic.o):
test0200 (cputest-basic.o):
test0201 (cputest-basic.o):
test0202 (cputest-basic.o):
test0203 (cputest-basic.o):
test0204 (cputest-basic.o):
test0205 (cputest-basic.o):
test0206 (cputest-basic.o):
test0207 (cputest-basic.o):
test0208 (cputest-basic.o):
test0209 (cputest-basic.o):
test020a (cputest-basic.o):
test020b (cputest-basic.o):
test020c (cputest-basic.o):
test020d (cputest-basic.o):
test020e (cputest-basic.o):
test020f (cputest-basic.o):
test0210 (cputest-basic.o):
test0211 (cputest-basic.o):
test0212 (cputest-basic.o):
test0213 (cputest-basic.o):
test0214 (cputest-basic.o):
test0215 (cputest-basic.o):
test0216 (cputest-basic.o):
test0217 (cputest-basic.o):
test0218 (cputest-basic.o):
test0219 (cputest-basic.o):
test021a (cputest-basic.o):
test021b (cputest-basic.o):
test021c (cputest-basic.o):
test021d (cputest-basic.o):
test021e (cputest-basic.o):
test021f (cputest-basic.o):
test0220 (cputest-basic.o):
test0221 (cputest-basic.o):
test0222 (cputest-basic.o):
test0223 (cputest-basic.o):
test0224 (cputest-basic.o):
test0225 (cputest-basic.o):
test0226 (cputest-basic.o):
test0227 (cputest-basic.o):
test0228 (cputest-basic.o):
test0229 (cputest-basic.o):
test022a (cputest-basic.o):
test022b (cputest-basic.o):
test022c (cputest-basic.o):
test022d (cputest-basic.o):
test022e (cputest-basic.o):
test022f (cputest-basic.o):
test0230 (cputest-basic.o):
test0231 (cputest-basic.o):
test0232 (cputest-basic.o):
test0233 (cputest-basic.o):
test0234 (cputest-basic.o):
test0235 (cputest-basic.o):
test0236 (cputest-basic.o):
test0237 (cputest-basic.o):
test0238 (cputest-basic.o):
test0239 (cputest-basic.o):
test023a (cputest-basic.o):
test023b (cputest-basic.o):
test023c (cputest-basic.o):
test023d (cputest-basic.o):
test023e (cputest-basic.o):
test023f (cputest-basic.o):
test0240 (cputest-basic.o):
test0241 (cputest-basic.o):
test0242 (cputest-basic.o):
test0243 (cputest-basic.o):
test0244 (cputest-basic.o):
test0245 (cputest-basic.o):
test0246 (cputest-basic.o):
test0247 (cputest-basic.o):
test0248 (cputest-basic.o):
test0249 (cputest-basic.o):
test024a (cputest-basic.o):
test024b (cputest-basic.o):
test024c (cputest-basic.o):
test024d (cputest-basic.o):
test024e (cputest-basic.o):
test024f (cputest-basic.o):
test0250 (cputest-basic.o):
test0251 (cputest-basic.o):
test0252 (cputest-basic.o):
test0253 (cputest-basic.o):
test0254 (cputest-basic.o):
test0255 (cputest-basic.o):
test0256 (cputest-basic.o):
test0257 (cputest-basic.o):
test0258 (cputest-basic.o):
test0259 (cputest-basic.o):
test025a (cputest-basic.o):
test025b (cputest-basic.o):
test025c (cputest-basic.o):
test025d (cputest-basic.o):
test025e (cputest-basic.o):
test025f (cputest-basic.o):
test0260 (cputest-basic.o):
test0261 (cputest-basic.o):
test0262 (cputest-basic.o):
test0263 (cputest-basic.o):
test0264 (cputest-basic.o):
test0265 (cputest-basic.o):
test0266 (cputest-basic.o):
test0267 (cputest-basic.o):
test0268 (cputest-basic.o):
test0269 (cputest-basic.o):
test026a (cputest-basic.o):
test026b (cputest-basic.o):
test026c (cputest-basic.o):
test026d (cputest-basic.o):
test026e (cputest-basic.o):
test026f (cputest-basic.o):
test0270 (cputest-basic.o):
test0271 (cputest-basic.o):
test0272 (cputest-basic.o):
test0273 (cputest-basic.o):
test0274 (cputest-basic.o):
test0275 (cputest-basic.o):
test0276 (cputest-basic.o):
test0277 (cputest-basic.o):
test0278 (cputest-basic.o):
test0279 (cputest-basic.o):
test027a (cputest-basic.o):
test027b (cputest-basic.o):
test027c (cputest-basic.o):
test027d (cputest-basic.o):
test027e (cputest-basic.o):
test027f (cputest-basic.o):
test0280 (cputest-basic.o):
test0281 (cputest-basic.o):
test0282 (cputest-basic.o):
test0283 (cputest-basic.o):
test0284 (cputest-basic.o):
test0285 (cputest-basic.o):
test0286 (cputest-basic.o):
test0287 (cputest-basic.o):
test0288 (cputest-basic.o):
test0289 (cputest-basic.o):
test028a (cputest-basic.o):
test028b (cputest-basic.o):
test028c (cputest-basic.o):
test028d (cputest-basic.o):
test028e (cputest-basic.o):
test028f (cputest-basic.o):
test0290 (cputest-basic.o):
test0291 (cputest-basic.o):
test0292 (cputest-basic.o):
test0293 (cputest-basic.o):
test0294 (cputest-basic.o):
test0295 (cputest-basic.o):
test0296 (cputest-basic.o):
test0297 (cputest-basic.o):
test0298 (cputest-basic.o):
test0299 (cputest-basic.o):
test029a (cputest-basic.o):
test029b (cputest-basic.o):
test029c (cputest-basic.o):
test029d (cputest-basic.o):
test029e (cputest-basic.o):
test029f (cputest-basic.o):
test02a0 (cputest-basic.o):
test02a1 (cputest-basic.o):
test02a2 (cputest-basic.o):
test02a3 (cputest-basic.o):
test02a4 (cputest-basic.o):
test02a5 (cputest-basic.o):
test02a6 (cputest-basic.o):
test02a7 (cputest-basic.o):
test02a8 (cputest-basic.o):
test02a9 (cputest-basic.o):
test02aa (cputest-basic.o):
test02ab (cputest-basic.o):
test02ac (cputest-basic.o):
test02ad (cputest-basic.o):
test02ae (cputest-basic.o):
test02af (cputest-basic.o):
test02b0 (cputest-basic.o):
test02b1 (cputest-basic.o):
test02b2 (cputest-basic.o):
test02b3 (cputest-basic.o):
test02b4 (cputest-basic.o):
test02b5 (cputest-basic.o):
test02b6 (cputest-basic.o):
test02b7 (cputest-basic.o):
test02b8 (cputest-basic.o):
test02b9 (cputest-basic.o):
test02ba (cputest-basic.o):
test02bb (cputest-basic.o):
test02bc (cputest-basic.o):
test02bd (cputest-basic.o):
test02be (cputest-basic.o):
test02bf (cputest-basic.o):
test02c0 (cputest-basic.o):
test02c1 (cputest-basic.o):
test02c2 (cputest-basic.o):
test02c3 (cputest-basic.o):
test02c4 (cputest-basic.o):
test02c5 (cputest-basic.o):
test02c6 (cputest-basic.o):
test02c7 (cputest-basic.o):
test02c8 (cputest-basic.o):
test02c9 (cputest-basic.o):
test02ca (cputest-basic.o):
test02cb (cputest-basic.o):
test02cc (cputest-basic.o):
test02cd (cputest-basic.o):
test02ce (cputest-basic.o):
test02cf (cputest-basic.o):
test02d0 (cputest-basic.o):
test02d1 (cputest-basic.o):
test02d2 (cputest-basic.o):
test02d3 (cputest-basic.o):
test02d4 (cputest-basic.o):
test02d5 (cputest-basic.o):
test02d6 (cputest-basic.o):
test02d7 (cputest-basic.o):
test02d8 (cputest-basic.o):
test02d9 (cputest-basic.o):
test02da (cputest-basic.o):
test02db (cputest-basic.o):
test02dc (cputest-basic.o):
test02dd (cputest-basic.o):
test02de (cputest-basic.o):
test02df (cputest-basic.o):
test02e0 (cputest-basic.o):
test02e1 (cputest-basic.o):
test02e2 (cputest-basic.o):
test02e3 (cputest-basic.o):
test02e4 (cputest-basic.o):
test02e5 (cputest-basic.o):
test02e6 (cputest-basic.o):
test02e7 (cputest-basic.o):
test02e8 (cputest-basic.o):
test02e9 (cputest-basic.o):
test02ea (cputest-basic.o):
test02eb (cputest-basic.o):
test02ec (cputest-basic.o):
test02ed (cputest-basic.o):
test02ee (cputest-basic.o):
test02ef (cputest-basic.o):
test02f0 (cputest-basic.o):
test02f1 (cputest-basic.o):
test02f2 (cputest-basic.o):
test02f3 (cputest-basic.o):
test02f4 (cputest-basic.o):
test02f5 (cputest-basic.o):
test02f6 (cputest-basic.o):
test02f7 (cputest-basic.o):
test02f8 (cputest-basic.o):
test02f9 (cputest-basic.o):
test02fa (cputest-basic.o):
test02fb (cputest-basic.o):
test02fc (cputest-basic.o):
test02fd (cputest-basic.o):
test02fe (cputest-basic.o):
test02ff (cputest-basic.o):
test0300 (cputest-basic.o):
test0301 (cputest-basic.o):
test0302 (cputest-basic.o):
test0303 (cputest-basic.o):
test0304 (cputest-basic.o):
test0305 (cputest-basic.o):
test0306 (cputest-basic.o):
test0307 (cputest-basic.o):
test0308 (cputest-basic.o):
test0309 (cputest-basic.o):
test030a (cputest-basic.o):
test030b (cputest-basic.o):
test030c (cputest-basic.o):
test030d (cputest-basic.o):
test030e (cputest-basic.o):
test030f (cputest-basic.o):
test0310 (cputest-basic.o):
test0311 (cputest-basic.o):
test0312 (cputest-basic.o):
test0313 (cputest-basic.o):
test0314 (cputest-basic.o):
test0315 (cputest-basic.o):
test0316 (cputest-basic.o):
test0317 (cputest-basic.o):
test0318 (cputest-basic.o):
test0319 (cputest-basic.o):
test031a (cputest-basic.o):
test031b (cputest-basic.o):
test031c (cputest-basic.o):
test031d (cputest-basic.o):
test031e (cputest-basic.o):
test031f (cputest-basic.o):
test0320 (cputest-basic.o):
test0321 (cputest-basic.o):
test0322 (cputest-basic.o):
test0323 (cputest-basic.o):
test0324 (cputest-basic.o):
test0325 (cputest-basic.o):
test0326 (cputest-basic.o):
test0327 (cputest-basic.o):
test0328 (cputest-basic.o):
test0329 (cputest-basic.o):
test032a (cputest-basic.o):
test032b (cputest-basic.o):
test032c (cputest-basic.o):
test032d (cputest-basic.o):
test032e (cputest-basic.o):
test032f (cputest-basic.o):
test0330 (cputest-basic.o):
test0331 (cputest-basic.o):
test0332 (cputest-basic.o):
test0333 (cputest-basic.o):
test0334 (cputest-basic.o):
test0335 (cputest-basic.o):
test0336 (cputest-basic.o):
test0337 (cputest-basic.o):
test0338 (cputest-basic.o):
test0339 (cputest-basic.o):
test033a (cputest-basic.o):
test033b (cputest-basic.o):
test033c (cputest-basic.o):
test033d (cputest-basic.o):
test033e (cputest-basic.o):
test033f (cputest-basic.o):
test0340 (cputest-basic.o):
test0341 (cputest-basic.o):
test0342 (cputest-basic.o):
test0343 (cputest-basic.o):
test0344 (cputest-basic.o):
test0345 (cputest-basic.o):
test0346 (cputest-basic.o):
test0347 (cputest-basic.o):
test0348 (cputest-basic.o):
test0349 (cputest-basic.o):
test034a (cputest-basic.o):
test034b (cputest-basic.o):
test034c (cputest-basic.o):
test034d (cputest-basic.o):
test034e (cputest-basic.o):
test034f (cputest-basic.o):
test0350 (cputest-basic.o):
test0351 (cputest-basic.o):
test0352 (cputest-basic.o):
test0353 (cputest-basic.o):
test0354 (cputest-basic.o):
test0355 (cputest-basic.o):
test0356 (cputest-basic.o):
test0357 (cputest-basic.o):
test0358 (cputest-basic.o):
test0359 (cputest-basic.o):
test035a (cputest-basic.o):
test035b (cputest-basic.o):
test035c (cputest-basic.o):
test035d (cputest-basic.o):
test035e (cputest-basic.o):
test035f (cputest-basic.o):
test0360 (cputest-basic.o):
test0361 (cputest-basic.o):
test0362 (cputest-basic.o):
test0363 (cputest-basic.o):
test0364 (cputest-basic.o):
test0365 (cputest-basic.o):
test0366 (cputest-basic.o):
test0367 (cputest-basic.o):
test0368 (cputest-basic.o):
test0369 (cputest-basic.o):
test036a (cputest-basic.o):
test036b (cputest-basic.o):
test036c (cputest-basic.o):
test036d (cputest-basic.o):
test036e (cputest-basic.o):
test036f (cputest-basic.o):
test0370 (cputest-basic.o):
test0371 (cputest-basic.o):
test0372 (cputest-basic.o):
test0373 (cputest-basic.o):
test0374 (cputest-basic.o):
test0375 (cputest-basic.o):
test0376 (cputest-basic.o):
test0377 (cputest-basic.o):
test0378 (cputest-basic.o):
test0379 (cputest-basic.o):
test037a (cputest-basic.o):
test037b (cputest-basic.o):
test037c (cputest-basic.o):
test037d (cputest-basic.o):
test037e (cputest-basic.o):
test037f (cputest-basic.o):
test0380 (cputest-basic.o):
test0381 (cputest-basic.o):
test0382 (cputest-basic.o):
test0383 (cputest-basic.o):
test0384 (cputest-basic.o):
test0385 (cputest-basic.o):
test0386 (cputest-basic.o):
test0387 (cputest-basic.o):
test0388 (cputest-basic.o):
test0389 (cputest-basic.o):
test038a (cputest-basic.o):
test038b (cputest-basic.o):
test038c (cputest-basic.o):
test038d (cputest-basic.o):
test038e (cputest-basic.o):
test038f (cputest-basic.o):
test0390 (cputest-basic.o):
test0391 (cputest-basic.o):
test0392 (cputest-basic.o):
test0393 (cputest-basic.o):
test0394 (cputest-basic.o):
test0395 (cputest-basic.o):
test0396 (cputest-basic.o):
test0397 (cputest-basic.o):
test0398 (cputest-basic.o):
test0399 (cputest-basic.o):
test039a (cputest-basic.o):
test039b (cputest-basic.o):
test039c (cputest-basic.o):
test039d (cputest-basic.o):
test039e (cputest-basic.o):
test039f (cputest-basic.o):
test03a0 (cputest-basic.o):
test03a1 (cputest-basic.o):
test03a2 (cputest-basic.o):
test03a3 (cputest-basic.o):
test03a4 (cputest-basic.o):
test03a5 (cputest-basic.o):
test03a6 (cputest-basic.o):
test03a7 (cputest-basic.o):
test03a8 (cputest-basic.o):
test03a9 (cputest-basic.o):
test03aa (cputest-basic.o):
test03ab (cputest-basic.o):
test03ac (cputest-basic.o):
test03ad (cputest-basic.o):
test03ae (cputest-basic.o):
test03af (cputest-basic.o):
test03b0 (cputest-basic.o):
test03b1 (cputest-basic.o):
test03b2 (cputest-basic.o):
test03b3 (cputest-basic.o):
test03b4 (cputest-basic.o):
test03b5 (cputest-basic.o):
test03b6 (cputest-basic.o):
test03b7 (cputest-basic.o):
test03b8 (cputest-basic.o):
test03b9 (cputest-basic.o):
test03ba (cputest-basic.o):
test03bb (cputest-basic.o):
test03bc (cputest-basic.o):
test03bd (cputest-basic.o):
test03be (cputest-basic.o):
test03bf (cputest-basic.o):
test03c0 (cputest-basic.o):
test03c1 (cputest-basic.o):
test03c2 (cputest-basic.o):
test03c3 (cputest-basic.o):
test03c4 (cputest-basic.o):
test03c5 (cputest-basic.o):
test03c6 (cputest-basic.o):
test03c7 (cputest-basic.o):
test03c8 (cputest-basic.o):
test03c9 (cputest-basic.o):
test03ca (cputest-basic.o):
test03cb (cputest-basic.o):
test03cc (cputest-basic.o):
test03cd (cputest-basic.o):
test03ce (cputest-basic.o):
test03cf (cputest-basic.o):
test03d0 (cputest-basic.o):
test03d1 (cputest-basic.o):
test03d2 (cputest-basic.o):
test03d3 (cputest-basic.o):
test03d4 (cputest-basic.o):
test03d5 (cputest-basic.o):
test03d6 (cputest-basic.o):
test03d7 (cputest-basic.o):
test03d8 (cputest-basic.o):
test03d9 (cputest-basic.o):
test03da (cputest-basic.o):
test03db (cputest-basic.o):
test03dc (cputest-basic.o):
test03dd (cputest-basic.o):
test03de (cputest-basic.o):
test03df (cputest-basic.o):
test03e0 (cputest-basic.o):
test03e1 (cputest-basic.o):
test03e2 (cputest-basic.o):
test03e3 (cputest-basic.o):
test03e4 (cputest-basic.o):
test03e5 (cputest-basic.o):
test03e6 (cputest-basic.o):
test03e7 (cputest-basic.o):
test03e8 (cputest-basic.o):
test03e9 (cputest-basic.o):
test03ea (cputest-basic.o):
test03eb (cputest-basic.o):
test03ec (cputest-basic.o):
test03ed (cputest-basic.o):
test03ee (cputest-basic.o):
test03ef (cputest-basic.o):
test03f0 (cputest-basic.o):
test03f1 (cputest-basic.o):
test03f2 (cputest-basic.o):
test03f3 (cputest-basic.o):
test03f4 (cputest-basic.o):
test03f5 (cputest-basic.o):
test03f6 (cputest-basic.o):
test03f7 (cputest-basic.o):
test03f8 (cputest-basic.o):
test03f9 (cputest-basic.o):
test03fa (cputest-basic.o):
test03fb (cputest-basic.o):
test03fc (cputest-basic.o):
test03fd (cputest-basic.o):
test03fe (cputest-basic.o):
test03ff (cputest-basic.o):
test0400 (cputest-basic.o):
test0401 (cputest-basic.o):
test0402 (cputest-basic.o):
test0403 (cputest-basic.o):
test0404 (cputest-basic.o):
test0405 (cputest-basic.o):
test0406 (cputest-basic.o):
test0407 (cputest-basic.o):
test0408 (cputest-basic.o):
test0409 (cputest-basic.o):
test040a (cputest-basic.o):
test040b (cputest-basic.o):
test040c (cputest-basic.o):
test040d (cputest-basic.o):
test040e (cputest-basic.o):
test040f (cputest-basic.o):
test0410 (cputest-basic.o):
test0411 (cputest-basic.o):
test0412 (cputest-basic.o):
test0413 (cputest-basic.o):
test0414 (cputest-basic.o):
test0415 (cputest-basic.o):
test0416 (cputest-basic.o):
test0417 (cputest-basic.o):
test0418 (cputest-basic.o):
test0419 (cputest-basic.o):
test041a (cputest-basic.o):
test041b (cputest-basic.o):
test041c (cputest-basic.o):
test041d (cputest-basic.o):
test041e (cputest-basic.o):
test041f (cputest-basic.o):
test0420 (cputest-basic.o):
test0421 (cputest-basic.o):
test0422 (cputest-basic.o):
test0423 (cputest-basic.o):
test0424 (cputest-basic.o):
test0425 (cputest-basic.o):
test0426 (cputest-basic.o):
test0427 (cputest-basic.o):
test0428 (cputest-basic.o):
test0429 (cputest-basic.o):
test042a (cputest-basic.o):
test042b (cputest-basic.o):
test042c (cputest-basic.o):
test042d (cputest-basic.o):
test042e (cputest-basic.o):
test042f (cputest-basic.o):
test0430 (cputest-basic.o):
test0431 (cputest-basic.o):
test0432 (cputest-basic.o):
test0433 (cputest-basic.o):
test0434 (cputest-basic.o):
test0435 (cputest-basic.o):
test0436 (cputest-basic.o):
test0437 (cputest-basic.o):
test0438 (cputest-basic.o):
test0439 (cputest-basic.o):
test043a (cputest-basic.o):
test043b (cputest-basic.o):
test043c (cputest-basic.o):
test043d (cputest-basic.o):
test043e (cputest-basic.o):
test043f (cputest-basic.o):
test0440 (cputest-basic.o):
test0441 (cputest-basic.o):
test0442 (cputest-basic.o):
test0443 (cputest-basic.o):
test0444 (cputest-basic.o):
test0445 (cputest-basic.o):
test0446 (cputest-basic.o):
test0447 (cputest-basic.o):
test0448 (cputest-basic.o):
test0449 (cputest-basic.o):
test044a (cputest-basic.o):
test044b (cputest-basic.o):
test044c (cputest-basic.o):
test044d (cputest-basic.o):
test044e (cputest-basic.o):
test044f (cputest-basic.o):
test0450 (cputest-basic.o):
test0451 (cputest-basic.o):
test0452 (cputest-basic.o):

