Modules list:
-------------
cputest-full.o:
    CODE              Offs=000000  Size=004CC2  Align=00001  Fill=0000
    RODATA            Offs=000000  Size=001B56  Align=00001  Fill=0000
    BSS               Offs=000000  Size=000000  Align=00001  Fill=0000
    DATA              Offs=000000  Size=000000  Align=00001  Fill=0000
    ZEROPAGE          Offs=000000  Size=000022  Align=00001  Fill=0000
    NULL              Offs=000000  Size=000000  Align=00001  Fill=0000
    HEADER            Offs=000000  Size=000015  Align=00001  Fill=0000
    ROMINFO           Offs=000000  Size=00000B  Align=00001  Fill=0000
    VECTORS           Offs=000000  Size=000020  Align=00001  Fill=0000
    BANK1             Offs=000000  Size=0074FB  Align=00001  Fill=0000
    BANK2             Offs=000000  Size=0077FF  Align=00001  Fill=0000
    BANK3             Offs=000000  Size=0075DC  Align=00001  Fill=0000
    BANK4             Offs=000000  Size=005C62  Align=00001  Fill=0000
    TEST_DATA         Offs=000000  Size=000007  Align=00001  Fill=0000


Segment list:
-------------
Name                   Start     End    Size  Align
----------------------------------------------------
DATA                  000000  000000  000000  00001
NULL                  000000  000000  000000  00001
ZEROPAGE              000000  000021  000022  00001
BSS                   000200  000200  000000  00001
CODE                  008000  00CCC1  004CC2  00001
RODATA                00CCC2  00E817  001B56  00001
TEST_DATA             00FFA0  00FFA6  000007  00001
HEADER                00FFC0  00FFD4  000015  00001
ROMINFO               00FFD5  00FFDF  00000B  00001
VECTORS               00FFE0  00FFFF  000020  00001
BANK1                 018000  01F4FA  0074FB  00001
BANK2                 028000  02F7FE  0077FF  00001
BANK3                 038000  03F5DB  0075DC  00001
BANK4                 048000  04DC61  005C62  00001


Exports list by name:
---------------------
test0000                  008294  LF    test0001                  00830A  LF    
test0002                  008344  LF    test0003                  0083A1  LF    
test0004                  008406  LF    test0005                  008463  LF    
test0006                  0084B4  LF    test0007                  008509  LF    
test0008                  00856E  LF    test0009                  0085D3  LF    
test000a                  00862D  LF    test000b                  008684  LF    
test000c                  0086E9  LF    test000d                  00874E  LF    
test000e                  0087B3  LF    test000f                  008818  LF    
test0010                  00887D  LF    test0011                  0088E0  LF    
test0012                  008943  LF    test0013                  0089A6  LF    
test0014                  0089FF  LF    test0015                  008A54  LF    
test0016                  008AB9  LF    test0017                  008B1E  LF    
test0018                  008B83  LF    test0019                  008BDD  LF    
test001a                  008C37  LF    test001b                  008C91  LF    
test001c                  008CEB  LF    test001d                  008D42  LF    
test001e                  008D99  LF    test001f                  008DD3  LF    
test0020                  008E0D  LF    test0021                  008E47  LF    
test0022                  008E80  LF    test0023                  008ECF  LF    
test0024                  008F1E  LF    test0025                  008F79  LF    
test0026                  008FD4  LF    test0027                  00902F  LF    
test0028                  00908A  LF    test0029                  0090CF  LF    
test002a                  009116  LF    test002b                  009161  LF    
test002c                  0091AE  LF    test002d                  009205  LF    
test002e                  009261  LF    test002f                  0092AD  LF    
test0030                  0092FB  LF    test0031                  009344  LF    
test0032                  00938F  LF    test0033                  0093E6  LF    
test0034                  00943D  LF    test0035                  009498  LF    
test0036                  0094F8  LF    test0037                  00954F  LF    
test0038                  0095AA  LF    test0039                  00960A  LF    
test003a                  00965F  LF    test003b                  0096B4  LF    
test003c                  00970B  LF    test003d                  009758  LF    
test003e                  0097A3  LF    test003f                  0097F0  LF    
test0040                  00983F  LF    test0041                  009896  LF    
test0042                  0098ED  LF    test0043                  009949  LF    
test0044                  009995  LF    test0045                  0099E1  LF    
test0046                  009A2F  LF    test0047                  009A7B  LF    
test0048                  009AC7  LF    test0049                  009B15  LF    
test004a                  009B5E  LF    test004b                  009BA7  LF    
test004c                  009BF2  LF    test004d                  009C2B  LF    
test004e                  009C64  LF    test004f                  009C9D  LF    
test0050                  009CD7  LF    test0051                  009D34  LF    
test0052                  009D99  LF    test0053                  009DF6  LF    
test0054                  009E47  LF    test0055                  009E9C  LF    
test0056                  009F01  LF    test0057                  009F66  LF    
test0058                  009FC0  LF    test0059                  00A017  LF    
test005a                  00A07C  LF    test005b                  00A0E1  LF    
test005c                  00A146  LF    test005d                  00A1AB  LF    
test005e                  00A210  LF    test005f                  00A273  LF    
test0060                  00A2D6  LF    test0061                  00A339  LF    
test0062                  00A392  LF    test0063                  00A3E7  LF    
test0064                  00A44C  LF    test0065                  00A4B1  LF    
test0066                  00A516  LF    test0067                  00A570  LF    
test0068                  00A5CA  LF    test0069                  00A624  LF    
test006a                  00A67E  LF    test006b                  00A6D5  LF    
test006c                  00A72C  LF    test006d                  00A766  LF    
test006e                  00A7A0  LF    test006f                  00A7D9  LF    
test0070                  00A828  LF    test0071                  00A877  LF    
test0072                  00A8D2  LF    test0073                  00A92D  LF    
test0074                  00A988  LF    test0075                  00A9E3  LF    
test0076                  00AA28  LF    test0077                  00AA6F  LF    
test0078                  00AABA  LF    test0079                  00AB07  LF    
test007a                  00AB5E  LF    test007b                  00ABBA  LF    
test007c                  00AC06  LF    test007d                  00AC54  LF    
test007e                  00AC9D  LF    test007f                  00ACE8  LF    
test0080                  00AD3F  LF    test0081                  00AD96  LF    
test0082                  00ADF1  LF    test0083                  00AE51  LF    
test0084                  00AEA8  LF    test0085                  00AF03  LF    
test0086                  00AF63  LF    test0087                  00AFB8  LF    
test0088                  00B00D  LF    test0089                  00B064  LF    
test008a                  00B0B1  LF    test008b                  00B0FC  LF    
test008c                  00B149  LF    test008d                  00B198  LF    
test008e                  00B1EF  LF    test008f                  00B246  LF    
test0090                  00B2A2  LF    test0091                  00B2EE  LF    
test0092                  00B33A  LF    test0093                  00B388  LF    
test0094                  00B3D4  LF    test0095                  00B420  LF    
test0096                  00B46E  LF    test0097                  00B4B7  LF    
test0098                  00B500  LF    test0099                  00B54B  LF    
test009a                  00B584  LF    test009b                  00B5BC  LF    
test009c                  00B611  LF    test009d                  00B66B  LF    
test009e                  00B6C4  LF    test009f                  00B719  LF    
test00a0                  00B773  LF    test00a1                  00B7CD  LF    
test00a2                  00B805  LF    test00a3                  00B85A  LF    
test00a4                  00B8B4  LF    test00a5                  00B90D  LF    
test00a6                  00B962  LF    test00a7                  00B9BC  LF    
test00a8                  00BA16  LF    test00a9                  00BA4E  LF    
test00aa                  00BA99  LF    test00ab                  00BAE6  LF    
test00ac                  00BB32  LF    test00ad                  00BB80  LF    
test00ae                  00BBCD  LF    test00af                  00BC18  LF    
test00b0                  00BC65  LF    test00b1                  00BCB4  LF    
test00b2                  00BD00  LF    test00b3                  00BD4C  LF    
test00b4                  00BD9A  LF    test00b5                  00BDD2  LF    
test00b6                  00BE1D  LF    test00b7                  00BE6A  LF    
test00b8                  00BEB6  LF    test00b9                  00BF04  LF    
test00ba                  00BF51  LF    test00bb                  00BF9C  LF    
test00bc                  00BFE9  LF    test00bd                  00C038  LF    
test00be                  00C084  LF    test00bf                  00C0D0  LF    
test00c0                  00C11E  LF    test00c1                  00C158  LF    
test00c2                  00C192  LF    test00c3                  00C1CB  LF    
test00c4                  00C204  LF    test00c5                  00C259  LF    
test00c6                  00C2B3  LF    test00c7                  00C30C  LF    
test00c8                  00C361  LF    test00c9                  00C3BB  LF    
test00ca                  00C415  LF    test00cb                  00C46A  LF    
test00cc                  00C4C4  LF    test00cd                  00C51D  LF    
test00ce                  00C572  LF    test00cf                  00C5CC  LF    
test00d0                  00C626  LF    test00d1                  00C671  LF    
test00d2                  00C6BE  LF    test00d3                  00C70A  LF    
test00d4                  00C758  LF    test00d5                  00C7A5  LF    
test00d6                  00C7F0  LF    test00d7                  00C83D  LF    
test00d8                  00C88C  LF    test00d9                  00C8D8  LF    
test00da                  00C924  LF    test00db                  00C972  LF    
test00dc                  00C9BD  LF    test00dd                  00CA0A  LF    
test00de                  00CA56  LF    test00df                  00CAA4  LF    
test00e0                  00CAF1  LF    test00e1                  00CB3C  LF    
test00e2                  00CB89  LF    test00e3                  00CBD8  LF    
test00e4                  00CC24  LF    test00e5                  00CC70  LF    
test00e6                  01802E  LF    test00e7                  01809E  LF    
test00e8                  018109  LF    test00e9                  018179  LF    
test00ea                  0181E4  LF    test00eb                  018224  LF    
test00ec                  018296  LF    test00ed                  018303  LF    
test00ee                  018343  LF    test00ef                  0183B3  LF    
test00f0                  01841E  LF    test00f1                  01845E  LF    
test00f2                  0184CE  LF    test00f3                  018539  LF    
test00f4                  018579  LF    test00f5                  0185E9  LF    
test00f6                  018654  LF    test00f7                  018694  LF    
test00f8                  018704  LF    test00f9                  01876F  LF    
test00fa                  0187AF  LF    test00fb                  01881F  LF    
test00fc                  01888A  LF    test00fd                  0188CA  LF    
test00fe                  01893A  LF    test00ff                  0189A5  LF    
test0100                  0189E5  LF    test0101                  018A6C  LF    
test0102                  018AF2  LF    test0103                  018B79  LF    
test0104                  018BFF  LF    test0105                  018C70  LF    
test0106                  018CA8  LF    test0107                  018CE0  LF    
test0108                  018D18  LF    test0109                  018D50  LF    
test010a                  018D88  LF    test010b                  018DC0  LF    
test010c                  018DF8  LF    test010d                  018E30  LF    
test010e                  018E68  LF    test010f                  018EA0  LF    
test0110                  018ED8  LF    test0111                  018F10  LF    
test0112                  018F48  LF    test0113                  018F80  LF    
test0114                  018FBA  LF    test0115                  019017  LF    
test0116                  01907C  LF    test0117                  0190D9  LF    
test0118                  01912A  LF    test0119                  01917F  LF    
test011a                  0191E4  LF    test011b                  019249  LF    
test011c                  0192A3  LF    test011d                  0192FA  LF    
test011e                  01935F  LF    test011f                  0193C4  LF    
test0120                  019429  LF    test0121                  01948E  LF    
test0122                  0194F3  LF    test0123                  019556  LF    
test0124                  0195B9  LF    test0125                  01961C  LF    
test0126                  019675  LF    test0127                  0196CA  LF    
test0128                  01972F  LF    test0129                  019794  LF    
test012a                  0197F9  LF    test012b                  019853  LF    
test012c                  0198AD  LF    test012d                  019907  LF    
test012e                  019961  LF    test012f                  0199B8  LF    
test0130                  019A0F  LF    test0131                  019A49  LF    
test0132                  019A9E  LF    test0133                  019AF8  LF    
test0134                  019B32  LF    test0135                  019B87  LF    
test0136                  019BE1  LF    test0137                  019C1B  LF    
test0138                  019C78  LF    test0139                  019CDD  LF    
test013a                  019D3A  LF    test013b                  019D8B  LF    
test013c                  019DE0  LF    test013d                  019E45  LF    
test013e                  019EAA  LF    test013f                  019F04  LF    
test0140                  019F5B  LF    test0141                  019FC0  LF    
test0142                  01A025  LF    test0143                  01A08A  LF    
test0144                  01A0EF  LF    test0145                  01A154  LF    
test0146                  01A1B7  LF    test0147                  01A21A  LF    
test0148                  01A27D  LF    test0149                  01A2D6  LF    
test014a                  01A32B  LF    test014b                  01A390  LF    
test014c                  01A3F5  LF    test014d                  01A45A  LF    
test014e                  01A4B4  LF    test014f                  01A50E  LF    
test0150                  01A568  LF    test0151                  01A5C2  LF    
test0152                  01A619  LF    test0153                  01A670  LF    
test0154                  01A6AA  LF    test0155                  01A6FF  LF    
test0156                  01A759  LF    test0157                  01A793  LF    
test0158                  01A7E8  LF    test0159                  01A842  LF    
test015a                  01A87B  LF    test015b                  01A8CA  LF    
test015c                  01A919  LF    test015d                  01A974  LF    
test015e                  01A9CF  LF    test015f                  01AA2A  LF    
test0160                  01AA85  LF    test0161                  01AACA  LF    
test0162                  01AB11  LF    test0163                  01AB5C  LF    
test0164                  01ABA9  LF    test0165                  01AC00  LF    
test0166                  01AC5C  LF    test0167                  01ACA8  LF    
test0168                  01ACF6  LF    test0169                  01AD3F  LF    
test016a                  01AD8A  LF    test016b                  01ADE1  LF    
test016c                  01AE38  LF    test016d                  01AE93  LF    
test016e                  01AEF3  LF    test016f                  01AF4A  LF    
test0170                  01AFA5  LF    test0171                  01B005  LF    
test0172                  01B05A  LF    test0173                  01B0AF  LF    
test0174                  01B106  LF    test0175                  01B153  LF    
test0176                  01B19E  LF    test0177                  01B1EB  LF    
test0178                  01B23A  LF    test0179                  01B291  LF    
test017a                  01B2E8  LF    test017b                  01B344  LF    
test017c                  01B390  LF    test017d                  01B3DC  LF    
test017e                  01B42A  LF    test017f                  01B476  LF    
test0180                  01B4C2  LF    test0181                  01B510  LF    
test0182                  01B559  LF    test0183                  01B5A2  LF    
test0184                  01B5ED  LF    test0185                  01B626  LF    
test0186                  01B671  LF    test0187                  01B6BE  LF    
test0188                  01B70A  LF    test0189                  01B758  LF    
test018a                  01B791  LF    test018b                  01B7DC  LF    
test018c                  01B829  LF    test018d                  01B875  LF    
test018e                  01B8C3  LF    test018f                  01B8FC  LF    
test0190                  01B94B  LF    test0191                  01B99A  LF    
test0192                  01B9F5  LF    test0193                  01BA50  LF    
test0194                  01BAAB  LF    test0195                  01BB06  LF    
test0196                  01BB4B  LF    test0197                  01BB92  LF    
test0198                  01BBDD  LF    test0199                  01BC2A  LF    
test019a                  01BC81  LF    test019b                  01BCDD  LF    
test019c                  01BD29  LF    test019d                  01BD77  LF    
test019e                  01BDC0  LF    test019f                  01BE0B  LF    
test01a0                  01BE62  LF    test01a1                  01BEB9  LF    
test01a2                  01BF14  LF    test01a3                  01BF74  LF    
test01a4                  01BFCB  LF    test01a5                  01C026  LF    
test01a6                  01C086  LF    test01a7                  01C0DB  LF    
test01a8                  01C130  LF    test01a9                  01C187  LF    
test01aa                  01C1D4  LF    test01ab                  01C21F  LF    
test01ac                  01C26C  LF    test01ad                  01C2BB  LF    
test01ae                  01C312  LF    test01af                  01C369  LF    
test01b0                  01C3C5  LF    test01b1                  01C411  LF    
test01b2                  01C45D  LF    test01b3                  01C4AB  LF    
test01b4                  01C4F7  LF    test01b5                  01C543  LF    
test01b6                  01C591  LF    test01b7                  01C5DA  LF    
test01b8                  01C623  LF    test01b9                  01C66E  LF    
test01ba                  01C6A7  LF    test01bb                  01C6F2  LF    
test01bc                  01C73F  LF    test01bd                  01C78B  LF    
test01be                  01C7D9  LF    test01bf                  01C812  LF    
test01c0                  01C85D  LF    test01c1                  01C8AA  LF    
test01c2                  01C8F6  LF    test01c3                  01C944  LF    
test01c4                  01C97C  LF    test01c5                  01C9D1  LF    
test01c6                  01CA2B  LF    test01c7                  01CA84  LF    
test01c8                  01CAD9  LF    test01c9                  01CB33  LF    
test01ca                  01CB8D  LF    test01cb                  01CBC5  LF    
test01cc                  01CBFD  LF    test01cd                  01CC35  LF    
test01ce                  01CC8A  LF    test01cf                  01CCE4  LF    
test01d0                  01CD3D  LF    test01d1                  01CD92  LF    
test01d2                  01CDEC  LF    test01d3                  01CE46  LF    
test01d4                  01CE7E  LF    test01d5                  01CEB6  LF    
test01d6                  01CEEE  LF    test01d7                  01CF39  LF    
test01d8                  01CF86  LF    test01d9                  01CFD2  LF    
test01da                  01D020  LF    test01db                  01D06D  LF    
test01dc                  01D0B8  LF    test01dd                  01D105  LF    
test01de                  01D154  LF    test01df                  01D1A0  LF    
test01e0                  01D1EC  LF    test01e1                  01D23A  LF    
test01e2                  01D272  LF    test01e3                  01D2AA  LF    
test01e4                  01D2E2  LF    test01e5                  01D32D  LF    
test01e6                  01D37A  LF    test01e7                  01D3C6  LF    
test01e8                  01D414  LF    test01e9                  01D461  LF    
test01ea                  01D4AC  LF    test01eb                  01D4F9  LF    
test01ec                  01D548  LF    test01ed                  01D594  LF    
test01ee                  01D5E0  LF    test01ef                  01D62E  LF    
test01f0                  01D666  LF    test01f1                  01D69E  LF    
test01f2                  01D6D8  LF    test01f3                  01D735  LF    
test01f4                  01D79A  LF    test01f5                  01D7F7  LF    
test01f6                  01D848  LF    test01f7                  01D89D  LF    
test01f8                  01D902  LF    test01f9                  01D967  LF    
test01fa                  01D9C1  LF    test01fb                  01DA18  LF    
test01fc                  01DA7D  LF    test01fd                  01DAE2  LF    
test01fe                  01DB47  LF    test01ff                  01DBAC  LF    
test0200                  01DC11  LF    test0201                  01DC74  LF    
test0202                  01DCD7  LF    test0203                  01DD3A  LF    
test0204                  01DD93  LF    test0205                  01DDE8  LF    
test0206                  01DE4D  LF    test0207                  01DEB2  LF    
test0208                  01DF17  LF    test0209                  01DF71  LF    
test020a                  01DFCB  LF    test020b                  01E025  LF    
test020c                  01E07F  LF    test020d                  01E0D6  LF    
test020e                  01E12D  LF    test020f                  01E167  LF    
test0210                  01E1A1  LF    test0211                  01E1DA  LF    
test0212                  01E229  LF    test0213                  01E278  LF    
test0214                  01E2D3  LF    test0215                  01E32E  LF    
test0216                  01E389  LF    test0217                  01E3E4  LF    
test0218                  01E429  LF    test0219                  01E470  LF    
test021a                  01E4BB  LF    test021b                  01E508  LF    
test021c                  01E55F  LF    test021d                  01E5BB  LF    
test021e                  01E607  LF    test021f                  01E655  LF    
test0220                  01E69E  LF    test0221                  01E6E9  LF    
test0222                  01E740  LF    test0223                  01E797  LF    
test0224                  01E7F2  LF    test0225                  01E852  LF    
test0226                  01E8A9  LF    test0227                  01E904  LF    
test0228                  01E964  LF    test0229                  01E9B9  LF    
test022a                  01EA0E  LF    test022b                  01EA65  LF    
test022c                  01EAB2  LF    test022d                  01EAFD  LF    
test022e                  01EB4A  LF    test022f                  01EB99  LF    
test0230                  01EBF0  LF    test0231                  01EC47  LF    
test0232                  01ECA3  LF    test0233                  01ECEF  LF    
test0234                  01ED3B  LF    test0235                  01ED89  LF    
test0236                  01EDD5  LF    test0237                  01EE21  LF    
test0238                  01EE6F  LF    test0239                  01EEB8  LF    
test023a                  01EF01  LF    test023b                  01EF4C  LF    
test023c                  01EF85  LF    test023d                  01EFBD  LF    
test023e                  01F012  LF    test023f                  01F06C  LF    
test0240                  01F0C5  LF    test0241                  01F11A  LF    
test0242                  01F174  LF    test0243                  01F1CE  LF    
test0244                  01F206  LF    test0245                  01F23E  LF    
test0246                  01F276  LF    test0247                  01F2CB  LF    
test0248                  01F325  LF    test0249                  01F37E  LF    
test024a                  01F3D3  LF    test024b                  01F42D  LF    
test024c                  01F487  LF    test024d                  01F4BF  LF    
test024e                  02802E  LF    test024f                  028066  LF    
test0250                  0280B1  LF    test0251                  0280FE  LF    
test0252                  02814A  LF    test0253                  028198  LF    
test0254                  0281E5  LF    test0255                  028230  LF    
test0256                  02827D  LF    test0257                  0282CC  LF    
test0258                  028318  LF    test0259                  028364  LF    
test025a                  0283B2  LF    test025b                  0283EA  LF    
test025c                  028422  LF    test025d                  02845A  LF    
test025e                  0284A5  LF    test025f                  0284F2  LF    
test0260                  02853E  LF    test0261                  02858C  LF    
test0262                  0285D9  LF    test0263                  028624  LF    
test0264                  028671  LF    test0265                  0286C0  LF    
test0266                  02870C  LF    test0267                  028758  LF    
test0268                  0287A6  LF    test0269                  0287DE  LF    
test026a                  028816  LF    test026b                  028886  LF    
test026c                  0288E0  LF    test026d                  028954  LF    
test026e                  0289AF  LF    test026f                  028A2F  LF    
test0270                  028AAF  LF    test0271                  028B31  LF    
test0272                  028BB5  LF    test0273                  028C3F  LF    
test0274                  028CD0  LF    test0275                  028D65  LF    
test0276                  028DF9  LF    test0277                  028E8D  LF    
test0278                  028F26  LF    test0279                  028F60  LF    
test027a                  028FBD  LF    test027b                  029022  LF    
test027c                  02907F  LF    test027d                  0290D0  LF    
test027e                  029125  LF    test027f                  02918A  LF    
test0280                  0291EF  LF    test0281                  029249  LF    
test0282                  0292A0  LF    test0283                  029305  LF    
test0284                  02936A  LF    test0285                  0293CF  LF    
test0286                  029434  LF    test0287                  029499  LF    
test0288                  0294FC  LF    test0289                  02955F  LF    
test028a                  0295C2  LF    test028b                  02961B  LF    
test028c                  029670  LF    test028d                  0296D5  LF    
test028e                  02973A  LF    test028f                  02979F  LF    
test0290                  0297F9  LF    test0291                  029853  LF    
test0292                  0298AD  LF    test0293                  029907  LF    
test0294                  02995E  LF    test0295                  0299B5  LF    
test0296                  0299EF  LF    test0297                  029A44  LF    
test0298                  029A9E  LF    test0299                  029AF7  LF    
test029a                  029B51  LF    test029b                  029B8B  LF    
test029c                  029BE0  LF    test029d                  029C3A  LF    
test029e                  029C93  LF    test029f                  029CED  LF    
test02a0                  029D27  LF    test02a1                  029D84  LF    
test02a2                  029DE9  LF    test02a3                  029E46  LF    
test02a4                  029E97  LF    test02a5                  029EEC  LF    
test02a6                  029F51  LF    test02a7                  029FB6  LF    
test02a8                  02A010  LF    test02a9                  02A067  LF    
test02aa                  02A0CC  LF    test02ab                  02A131  LF    
test02ac                  02A196  LF    test02ad                  02A1FB  LF    
test02ae                  02A260  LF    test02af                  02A2C3  LF    
test02b0                  02A326  LF    test02b1                  02A389  LF    
test02b2                  02A3E2  LF    test02b3                  02A437  LF    
test02b4                  02A49C  LF    test02b5                  02A501  LF    
test02b6                  02A566  LF    test02b7                  02A5C0  LF    
test02b8                  02A61A  LF    test02b9                  02A674  LF    
test02ba                  02A6CE  LF    test02bb                  02A725  LF    
test02bc                  02A77C  LF    test02bd                  02A7B6  LF    
test02be                  02A80B  LF    test02bf                  02A865  LF    
test02c0                  02A8BE  LF    test02c1                  02A918  LF    
test02c2                  02A952  LF    test02c3                  02A9A7  LF    
test02c4                  02AA01  LF    test02c5                  02AA5A  LF    
test02c6                  02AAB4  LF    test02c7                  02AAED  LF    
test02c8                  02AB3C  LF    test02c9                  02AB8B  LF    
test02ca                  02ABE6  LF    test02cb                  02AC41  LF    
test02cc                  02AC9C  LF    test02cd                  02ACF7  LF    
test02ce                  02AD3C  LF    test02cf                  02AD83  LF    
test02d0                  02ADCE  LF    test02d1                  02AE1B  LF    
test02d2                  02AE72  LF    test02d3                  02AECE  LF    
test02d4                  02AF1A  LF    test02d5                  02AF68  LF    
test02d6                  02AFB1  LF    test02d7                  02AFFC  LF    
test02d8                  02B053  LF    test02d9                  02B0AA  LF    
test02da                  02B105  LF    test02db                  02B165  LF    
test02dc                  02B1BC  LF    test02dd                  02B217  LF    
test02de                  02B277  LF    test02df                  02B2CC  LF    
test02e0                  02B321  LF    test02e1                  02B378  LF    
test02e2                  02B3C5  LF    test02e3                  02B410  LF    
test02e4                  02B45D  LF    test02e5                  02B4AC  LF    
test02e6                  02B503  LF    test02e7                  02B55A  LF    
test02e8                  02B5B6  LF    test02e9                  02B602  LF    
test02ea                  02B64E  LF    test02eb                  02B69C  LF    
test02ec                  02B6E8  LF    test02ed                  02B734  LF    
test02ee                  02B782  LF    test02ef                  02B7CB  LF    
test02f0                  02B814  LF    test02f1                  02B85F  LF    
test02f2                  02B898  LF    test02f3                  02B8E3  LF    
test02f4                  02B930  LF    test02f5                  02B97C  LF    
test02f6                  02B9CA  LF    test02f7                  02BA15  LF    
test02f8                  02BA62  LF    test02f9                  02BAB1  LF    
test02fa                  02BAFD  LF    test02fb                  02BB4B  LF    
test02fc                  02BB84  LF    test02fd                  02BBCF  LF    
test02fe                  02BC1C  LF    test02ff                  02BC68  LF    
test0300                  02BCB6  LF    test0301                  02BD01  LF    
test0302                  02BD4E  LF    test0303                  02BD9D  LF    
test0304                  02BDE9  LF    test0305                  02BE37  LF    
test0306                  02BE70  LF    test0307                  02BEBF  LF    
test0308                  02BF0E  LF    test0309                  02BF69  LF    
test030a                  02BFC4  LF    test030b                  02C01F  LF    
test030c                  02C07A  LF    test030d                  02C0BF  LF    
test030e                  02C106  LF    test030f                  02C151  LF    
test0310                  02C19E  LF    test0311                  02C1F5  LF    
test0312                  02C251  LF    test0313                  02C29D  LF    
test0314                  02C2EB  LF    test0315                  02C334  LF    
test0316                  02C37F  LF    test0317                  02C3D6  LF    
test0318                  02C42D  LF    test0319                  02C488  LF    
test031a                  02C4E8  LF    test031b                  02C53F  LF    
test031c                  02C59A  LF    test031d                  02C5FA  LF    
test031e                  02C64F  LF    test031f                  02C6A4  LF    
test0320                  02C6FB  LF    test0321                  02C748  LF    
test0322                  02C793  LF    test0323                  02C7E0  LF    
test0324                  02C82F  LF    test0325                  02C886  LF    
test0326                  02C8DD  LF    test0327                  02C939  LF    
test0328                  02C985  LF    test0329                  02C9D1  LF    
test032a                  02CA1F  LF    test032b                  02CA6B  LF    
test032c                  02CAB7  LF    test032d                  02CB05  LF    
test032e                  02CB4E  LF    test032f                  02CB97  LF    
test0330                  02CBE2  LF    test0331                  02CC1B  LF    
test0332                  02CC66  LF    test0333                  02CCB3  LF    
test0334                  02CCFF  LF    test0335                  02CD4D  LF    
test0336                  02CD98  LF    test0337                  02CDE5  LF    
test0338                  02CE34  LF    test0339                  02CE80  LF    
test033a                  02CECE  LF    test033b                  02CF07  LF    
test033c                  02CF52  LF    test033d                  02CF9F  LF    
test033e                  02CFEB  LF    test033f                  02D039  LF    
test0340                  02D084  LF    test0341                  02D0D1  LF    
test0342                  02D120  LF    test0343                  02D16C  LF    
test0344                  02D1BA  LF    test0345                  02D1F2  LF    
test0346                  02D247  LF    test0347                  02D2A1  LF    
test0348                  02D2FA  LF    test0349                  02D34F  LF    
test034a                  02D3A9  LF    test034b                  02D403  LF    
test034c                  02D43B  LF    test034d                  02D490  LF    
test034e                  02D4EA  LF    test034f                  02D543  LF    
test0350                  02D598  LF    test0351                  02D5F2  LF    
test0352                  02D64C  LF    test0353                  02D684  LF    
test0354                  02D6CF  LF    test0355                  02D71C  LF    
test0356                  02D768  LF    test0357                  02D7B6  LF    
test0358                  02D803  LF    test0359                  02D84E  LF    
test035a                  02D89B  LF    test035b                  02D8EA  LF    
test035c                  02D936  LF    test035d                  02D982  LF    
test035e                  02D9D0  LF    test035f                  02DA08  LF    
test0360                  02DA53  LF    test0361                  02DAA0  LF    
test0362                  02DAEC  LF    test0363                  02DB3A  LF    
test0364                  02DB87  LF    test0365                  02DBD2  LF    
test0366                  02DC1F  LF    test0367                  02DC6E  LF    
test0368                  02DCBA  LF    test0369                  02DD06  LF    
test036a                  02DD54  LF    test036b                  02DDE0  LF    
test036c                  02DE4A  LF    test036d                  02DEA6  LF    
test036e                  02DF32  LF    test036f                  02DFBE  LF    
test0370                  02E028  LF    test0371                  02E084  LF    
test0372                  02E110  LF    test0373                  02E14A  LF    
test0374                  02E1A7  LF    test0375                  02E20C  LF    
test0376                  02E269  LF    test0377                  02E2BA  LF    
test0378                  02E30F  LF    test0379                  02E374  LF    
test037a                  02E3D9  LF    test037b                  02E433  LF    
test037c                  02E48A  LF    test037d                  02E4EF  LF    
test037e                  02E554  LF    test037f                  02E5B9  LF    
test0380                  02E61E  LF    test0381                  02E683  LF    
test0382                  02E6E6  LF    test0383                  02E749  LF    
test0384                  02E7AC  LF    test0385                  02E805  LF    
test0386                  02E85A  LF    test0387                  02E8BF  LF    
test0388                  02E924  LF    test0389                  02E989  LF    
test038a                  02E9E3  LF    test038b                  02EA3D  LF    
test038c                  02EA97  LF    test038d                  02EAF1  LF    
test038e                  02EB48  LF    test038f                  02EB9F  LF    
test0390                  02EBD9  LF    test0391                  02EC13  LF    
test0392                  02EC4C  LF    test0393                  02EC9B  LF    
test0394                  02ECEA  LF    test0395                  02ED45  LF    
test0396                  02EDA0  LF    test0397                  02EDFB  LF    
test0398                  02EE56  LF    test0399                  02EE9B  LF    
test039a                  02EEE2  LF    test039b                  02EF2D  LF    
test039c                  02EF7A  LF    test039d                  02EFD1  LF    
test039e                  02F02D  LF    test039f                  02F079  LF    
test03a0                  02F0C7  LF    test03a1                  02F110  LF    
test03a2                  02F15B  LF    test03a3                  02F1B2  LF    
test03a4                  02F209  LF    test03a5                  02F264  LF    
test03a6                  02F2C4  LF    test03a7                  02F31B  LF    
test03a8                  02F376  LF    test03a9                  02F3D6  LF    
test03aa                  02F42B  LF    test03ab                  02F480  LF    
test03ac                  02F4D7  LF    test03ad                  02F524  LF    
test03ae                  02F56F  LF    test03af                  02F5BC  LF    
test03b0                  02F60B  LF    test03b1                  02F662  LF    
test03b2                  02F6B9  LF    test03b3                  02F715  LF    
test03b4                  02F761  LF    test03b5                  02F7AD  LF    
test03b6                  03802E  LF    test03b7                  03807A  LF    
test03b8                  0380C6  LF    test03b9                  038114  LF    
test03ba                  03815D  LF    test03bb                  0381A6  LF    
test03bc                  0381F1  LF    test03bd                  03822A  LF    
test03be                  038262  LF    test03bf                  03829C  LF    
test03c0                  0382D5  LF    test03c1                  038310  LF    
test03c2                  038363  LF    test03c3                  0383BB  LF    
test03c4                  03841D  LF    test03c5                  038486  LF    
test03c6                  038504  LF    test03c7                  038582  LF    
test03c8                  038605  LF    test03c9                  038652  LF    
test03ca                  03869F  LF    test03cb                  0386EC  LF    
test03cc                  038739  LF    test03cd                  038786  LF    
test03ce                  0387D3  LF    test03cf                  038820  LF    
test03d0                  03886D  LF    test03d1                  0388BA  LF    
test03d2                  038907  LF    test03d3                  038954  LF    
test03d4                  0389A1  LF    test03d5                  0389EF  LF    
test03d6                  038A3D  LF    test03d7                  038A8B  LF    
test03d8                  038AD9  LF    test03d9                  038B27  LF    
test03da                  038B7B  LF    test03db                  038BCF  LF    
test03dc                  038C27  LF    test03dd                  038C81  LF    
test03de                  038CC9  LF    test03df                  038D11  LF    
test03e0                  038D59  LF    test03e1                  038DA7  LF    
test03e2                  038DF8  LF    test03e3                  038E42  LF    
test03e4                  038E92  LF    test03e5                  038EE3  LF    
test03e6                  038F2D  LF    test03e7                  038F7D  LF    
test03e8                  038FCE  LF    test03e9                  039018  LF    
test03ea                  039068  LF    test03eb                  0390B6  LF    
test03ec                  03910A  LF    test03ed                  03915F  LF    
test03ee                  0391B9  LF    test03ef                  039224  LF    
test03f0                  039295  LF    test03f1                  0392DF  LF    
test03f2                  03932F  LF    test03f3                  039368  LF    
test03f4                  0393A1  LF    test03f5                  0393DA  LF    
test03f6                  039413  LF    test03f7                  03944E  LF    
test03f8                  039486  LF    test03f9                  0394DB  LF    
test03fa                  039535  LF    test03fb                  03958E  LF    
test03fc                  0395E3  LF    test03fd                  03963D  LF    
test03fe                  039697  LF    test03ff                  0396CF  LF    
test0400                  039724  LF    test0401                  03977E  LF    
test0402                  0397D7  LF    test0403                  03982C  LF    
test0404                  039886  LF    test0405                  0398E0  LF    
test0406                  039918  LF    test0407                  039963  LF    
test0408                  0399B0  LF    test0409                  0399FC  LF    
test040a                  039A4A  LF    test040b                  039A97  LF    
test040c                  039AE2  LF    test040d                  039B2F  LF    
test040e                  039B7E  LF    test040f                  039BCA  LF    
test0410                  039C16  LF    test0411                  039C64  LF    
test0412                  039C9C  LF    test0413                  039CE7  LF    
test0414                  039D34  LF    test0415                  039D80  LF    
test0416                  039DCE  LF    test0417                  039E1B  LF    
test0418                  039E66  LF    test0419                  039EB3  LF    
test041a                  039F02  LF    test041b                  039F4E  LF    
test041c                  039F9A  LF    test041d                  039FE8  LF    
test041e                  03A020  LF    test041f                  03A075  LF    
test0420                  03A0CF  LF    test0421                  03A128  LF    
test0422                  03A17D  LF    test0423                  03A1D7  LF    
test0424                  03A231  LF    test0425                  03A269  LF    
test0426                  03A2BE  LF    test0427                  03A318  LF    
test0428                  03A371  LF    test0429                  03A3C6  LF    
test042a                  03A420  LF    test042b                  03A47A  LF    
test042c                  03A4B2  LF    test042d                  03A4FD  LF    
test042e                  03A54A  LF    test042f                  03A596  LF    
test0430                  03A5E4  LF    test0431                  03A631  LF    
test0432                  03A67C  LF    test0433                  03A6C9  LF    
test0434                  03A718  LF    test0435                  03A764  LF    
test0436                  03A7B0  LF    test0437                  03A7FE  LF    
test0438                  03A836  LF    test0439                  03A881  LF    
test043a                  03A8CE  LF    test043b                  03A91A  LF    
test043c                  03A968  LF    test043d                  03A9B5  LF    
test043e                  03AA00  LF    test043f                  03AA4D  LF    
test0440                  03AA9C  LF    test0441                  03AAE8  LF    
test0442                  03AB34  LF    test0443                  03AB82  LF    
test0444                  03ABF0  LF    test0445                  03AC64  LF    
test0446                  03ACCE  LF    test0447                  03AD6A  LF    
test0448                  03ADD9  LF    test0449                  03AE52  LF    
test044a                  03AE8C  LF    test044b                  03AEE9  LF    
test044c                  03AF4E  LF    test044d                  03AFAB  LF    
test044e                  03AFFC  LF    test044f                  03B051  LF    
test0450                  03B0B6  LF    test0451                  03B11B  LF    
test0452                  03B175  LF    test0453                  03B1CC  LF    
test0454                  03B231  LF    test0455                  03B296  LF    
test0456                  03B2FB  LF    test0457                  03B360  LF    
test0458                  03B3C5  LF    test0459                  03B428  LF    
test045a                  03B48B  LF    test045b                  03B4EE  LF    
test045c                  03B547  LF    test045d                  03B59C  LF    
test045e                  03B601  LF    test045f                  03B666  LF    
test0460                  03B6CB  LF    test0461                  03B725  LF    
test0462                  03B77F  LF    test0463                  03B7D9  LF    
test0464                  03B833  LF    test0465                  03B88A  LF    
test0466                  03B8E1  LF    test0467                  03B91B  LF    
test0468                  03B955  LF    test0469                  03B98F  LF    
test046a                  03B9C8  LF    test046b                  03BA17  LF    
test046c                  03BA66  LF    test046d                  03BAC1  LF    
test046e                  03BB1C  LF    test046f                  03BB77  LF    
test0470                  03BBD2  LF    test0471                  03BC17  LF    
test0472                  03BC5E  LF    test0473                  03BCA9  LF    
test0474                  03BCF6  LF    test0475                  03BD4D  LF    
test0476                  03BDA9  LF    test0477                  03BDF5  LF    
test0478                  03BE43  LF    test0479                  03BE8C  LF    
test047a                  03BED7  LF    test047b                  03BF2E  LF    
test047c                  03BF85  LF    test047d                  03BFE0  LF    
test047e                  03C040  LF    test047f                  03C097  LF    
test0480                  03C0F2  LF    test0481                  03C152  LF    
test0482                  03C1A7  LF    test0483                  03C1FC  LF    
test0484                  03C253  LF    test0485                  03C2A0  LF    
test0486                  03C2EB  LF    test0487                  03C338  LF    
test0488                  03C387  LF    test0489                  03C3DE  LF    
test048a                  03C435  LF    test048b                  03C491  LF    
test048c                  03C4DD  LF    test048d                  03C529  LF    
test048e                  03C577  LF    test048f                  03C5C3  LF    
test0490                  03C60F  LF    test0491                  03C65D  LF    
test0492                  03C6A6  LF    test0493                  03C6EF  LF    
test0494                  03C73A  LF    test0495                  03C773  LF    
test0496                  03C7AC  LF    test0497                  03C7E5  LF    
test0498                  03C842  LF    test0499                  03C8A7  LF    
test049a                  03C904  LF    test049b                  03C955  LF    
test049c                  03C9AA  LF    test049d                  03CA0F  LF    
test049e                  03CA74  LF    test049f                  03CACE  LF    
test04a0                  03CB25  LF    test04a1                  03CB8A  LF    
test04a2                  03CBEF  LF    test04a3                  03CC54  LF    
test04a4                  03CCB9  LF    test04a5                  03CD1E  LF    
test04a6                  03CD81  LF    test04a7                  03CDE4  LF    
test04a8                  03CE47  LF    test04a9                  03CEA0  LF    
test04aa                  03CEF5  LF    test04ab                  03CF5A  LF    
test04ac                  03CFBF  LF    test04ad                  03D024  LF    
test04ae                  03D07E  LF    test04af                  03D0D8  LF    
test04b0                  03D132  LF    test04b1                  03D18C  LF    
test04b2                  03D1E3  LF    test04b3                  03D23A  LF    
test04b4                  03D28F  LF    test04b5                  03D2E9  LF    
test04b6                  03D342  LF    test04b7                  03D397  LF    
test04b8                  03D3F1  LF    test04b9                  03D44A  LF    
test04ba                  03D4A7  LF    test04bb                  03D50C  LF    
test04bc                  03D569  LF    test04bd                  03D5BA  LF    
test04be                  03D60F  LF    test04bf                  03D674  LF    
test04c0                  03D6D9  LF    test04c1                  03D733  LF    
test04c2                  03D78A  LF    test04c3                  03D7EF  LF    
test04c4                  03D854  LF    test04c5                  03D8B9  LF    
test04c6                  03D91E  LF    test04c7                  03D983  LF    
test04c8                  03D9E6  LF    test04c9                  03DA49  LF    
test04ca                  03DAAC  LF    test04cb                  03DB05  LF    
test04cc                  03DB5A  LF    test04cd                  03DBBF  LF    
test04ce                  03DC24  LF    test04cf                  03DC89  LF    
test04d0                  03DCE3  LF    test04d1                  03DD3D  LF    
test04d2                  03DD97  LF    test04d3                  03DDF1  LF    
test04d4                  03DE48  LF    test04d5                  03DE9F  LF    
test04d6                  03DEF4  LF    test04d7                  03DF4E  LF    
test04d8                  03DFA7  LF    test04d9                  03DFFC  LF    
test04da                  03E056  LF    test04db                  03E0AF  LF    
test04dc                  03E0FE  LF    test04dd                  03E14D  LF    
test04de                  03E1A8  LF    test04df                  03E203  LF    
test04e0                  03E25E  LF    test04e1                  03E2B9  LF    
test04e2                  03E2FE  LF    test04e3                  03E345  LF    
test04e4                  03E390  LF    test04e5                  03E3DD  LF    
test04e6                  03E434  LF    test04e7                  03E490  LF    
test04e8                  03E4DC  LF    test04e9                  03E52A  LF    
test04ea                  03E573  LF    test04eb                  03E5BE  LF    
test04ec                  03E615  LF    test04ed                  03E66C  LF    
test04ee                  03E6C7  LF    test04ef                  03E727  LF    
test04f0                  03E77E  LF    test04f1                  03E7D9  LF    
test04f2                  03E839  LF    test04f3                  03E88E  LF    
test04f4                  03E8E3  LF    test04f5                  03E93A  LF    
test04f6                  03E987  LF    test04f7                  03E9D2  LF    
test04f8                  03EA1F  LF    test04f9                  03EA6E  LF    
test04fa                  03EAC5  LF    test04fb                  03EB1C  LF    
test04fc                  03EB78  LF    test04fd                  03EBC4  LF    
test04fe                  03EC10  LF    test04ff                  03EC5E  LF    
test0500                  03ECAA  LF    test0501                  03ECF6  LF    
test0502                  03ED44  LF    test0503                  03ED8D  LF    
test0504                  03EDD6  LF    test0505                  03EE21  LF    
test0506                  03EE6C  LF    test0507                  03EEB9  LF    
test0508                  03EF05  LF    test0509                  03EF53  LF    
test050a                  03EF9E  LF    test050b                  03EFEB  LF    
test050c                  03F03A  LF    test050d                  03F085  LF    
test050e                  03F0D2  LF    test050f                  03F11E  LF    
test0510                  03F16C  LF    test0511                  03F1B7  LF    
test0512                  03F204  LF    test0513                  03F253  LF    
test0514                  03F2A2  LF    test0515                  03F2F1  LF    
test0516                  03F34C  LF    test0517                  03F3A7  LF    
test0518                  03F402  LF    test0519                  03F45D  LF    
test051a                  03F4A2  LF    test051b                  03F4E9  LF    
test051c                  03F534  LF    test051d                  03F581  LF    
test051e                  04802E  LF    test051f                  04808A  LF    
test0520                  0480D6  LF    test0521                  048124  LF    
test0522                  04816D  LF    test0523                  0481B8  LF    
test0524                  04820F  LF    test0525                  048266  LF    
test0526                  0482C1  LF    test0527                  048321  LF    
test0528                  048378  LF    test0529                  0483D3  LF    
test052a                  048433  LF    test052b                  048488  LF    
test052c                  0484DD  LF    test052d                  048534  LF    
test052e                  048581  LF    test052f                  0485CC  LF    
test0530                  048619  LF    test0531                  048668  LF    
test0532                  0486BF  LF    test0533                  048716  LF    
test0534                  048772  LF    test0535                  0487BE  LF    
test0536                  04880A  LF    test0537                  048858  LF    
test0538                  0488A4  LF    test0539                  0488F0  LF    
test053a                  04893E  LF    test053b                  048987  LF    
test053c                  0489D0  LF    test053d                  048A1B  LF    
test053e                  048A66  LF    test053f                  048AB3  LF    
test0540                  048AFF  LF    test0541                  048B4D  LF    
test0542                  048B98  LF    test0543                  048BE5  LF    
test0544                  048C34  LF    test0545                  048C7F  LF    
test0546                  048CCC  LF    test0547                  048D18  LF    
test0548                  048D66  LF    test0549                  048DB1  LF    
test054a                  048DFE  LF    test054b                  048E4D  LF    
test054c                  048EA2  LF    test054d                  048EFB  LF    
test054e                  048F50  LF    test054f                  048FAA  LF    
test0550                  049004  LF    test0551                  04905E  LF    
test0552                  0490B3  LF    test0553                  04910C  LF    
test0554                  049161  LF    test0555                  0491BB  LF    
test0556                  049215  LF    test0557                  04926F  LF    
test0558                  0492BA  LF    test0559                  049307  LF    
test055a                  049354  LF    test055b                  04939F  LF    
test055c                  0493EC  LF    test055d                  04943B  LF    
test055e                  049487  LF    test055f                  0494D5  LF    
test0560                  049521  LF    test0561                  04956D  LF    
test0562                  0495BB  LF    test0563                  049610  LF    
test0564                  04966A  LF    test0565                  0496BF  LF    
test0566                  049719  LF    test0567                  049764  LF    
test0568                  0497B1  LF    test0569                  0497FD  LF    
test056a                  04984B  LF    test056b                  049896  LF    
test056c                  0498E3  LF    test056d                  04992F  LF    
test056e                  04997D  LF    test056f                  0499D2  LF    
test0570                  049A2C  LF    test0571                  049A81  LF    
test0572                  049ADB  LF    test0573                  049B26  LF    
test0574                  049B73  LF    test0575                  049BBF  LF    
test0576                  049C0D  LF    test0577                  049C58  LF    
test0578                  049CA5  LF    test0579                  049CF1  LF    
test057a                  049D3F  LF    test057b                  049D77  LF    
test057c                  049DAF  LF    test057d                  049DE7  LF    
test057e                  049E1F  LF    test057f                  049E57  LF    
test0580                  049E8F  LF    test0581                  049EC7  LF    
test0582                  049EFF  LF    test0583                  049F37  LF    
test0584                  049F6F  LF    test0585                  049FA7  LF    
test0586                  049FDF  LF    test0587                  04A017  LF    
test0588                  04A04F  LF    test0589                  04A087  LF    
test058a                  04A0BF  LF    test058b                  04A0F7  LF    
test058c                  04A12F  LF    test058d                  04A167  LF    
test058e                  04A19F  LF    test058f                  04A1D7  LF    
test0590                  04A20F  LF    test0591                  04A247  LF    
test0592                  04A27F  LF    test0593                  04A2B7  LF    
test0594                  04A2EF  LF    test0595                  04A327  LF    
test0596                  04A36E  LF    test0597                  04A3A6  LF    
test0598                  04A3DE  LF    test0599                  04A425  LF    
test059a                  04A468  LF    test059b                  04A4AB  LF    
test059c                  04A4EE  LF    test059d                  04A533  LF    
test059e                  04A576  LF    test059f                  04A5BB  LF    
test05a0                  04A5FE  LF    test05a1                  04A63D  LF    
test05a2                  04A67E  LF    test05a3                  04A6BA  LF    
test05a4                  04A6F2  LF    test05a5                  04A72A  LF    
test05a6                  04A762  LF    test05a7                  04A79C  LF    
test05a8                  04A7D4  LF    test05a9                  04A80C  LF    
test05aa                  04A844  LF    test05ab                  04A87E  LF    
test05ac                  04A8C5  LF    test05ad                  04A8FF  LF    
test05ae                  04A95C  LF    test05af                  04A9C1  LF    
test05b0                  04AA1E  LF    test05b1                  04AA6F  LF    
test05b2                  04AAC4  LF    test05b3                  04AB29  LF    
test05b4                  04AB8E  LF    test05b5                  04ABE8  LF    
test05b6                  04AC3F  LF    test05b7                  04ACA4  LF    
test05b8                  04AD09  LF    test05b9                  04AD6E  LF    
test05ba                  04ADD3  LF    test05bb                  04AE38  LF    
test05bc                  04AE9B  LF    test05bd                  04AEFE  LF    
test05be                  04AF61  LF    test05bf                  04AFBA  LF    
test05c0                  04B00F  LF    test05c1                  04B074  LF    
test05c2                  04B0D9  LF    test05c3                  04B13E  LF    
test05c4                  04B198  LF    test05c5                  04B1F2  LF    
test05c6                  04B24C  LF    test05c7                  04B2A6  LF    
test05c8                  04B2FD  LF    test05c9                  04B354  LF    
test05ca                  04B38E  LF    test05cb                  04B3C8  LF    
test05cc                  04B402  LF    test05cd                  04B43B  LF    
test05ce                  04B48A  LF    test05cf                  04B4D9  LF    
test05d0                  04B534  LF    test05d1                  04B58F  LF    
test05d2                  04B5EA  LF    test05d3                  04B645  LF    
test05d4                  04B68A  LF    test05d5                  04B6D1  LF    
test05d6                  04B71C  LF    test05d7                  04B769  LF    
test05d8                  04B7C0  LF    test05d9                  04B81C  LF    
test05da                  04B868  LF    test05db                  04B8B6  LF    
test05dc                  04B8FF  LF    test05dd                  04B94A  LF    
test05de                  04B9A1  LF    test05df                  04B9F8  LF    
test05e0                  04BA53  LF    test05e1                  04BAB3  LF    
test05e2                  04BB0A  LF    test05e3                  04BB65  LF    
test05e4                  04BBC5  LF    test05e5                  04BC1A  LF    
test05e6                  04BC6F  LF    test05e7                  04BCC6  LF    
test05e8                  04BD13  LF    test05e9                  04BD5E  LF    
test05ea                  04BDAB  LF    test05eb                  04BDFA  LF    
test05ec                  04BE51  LF    test05ed                  04BEA8  LF    
test05ee                  04BF04  LF    test05ef                  04BF50  LF    
test05f0                  04BF9C  LF    test05f1                  04BFEA  LF    
test05f2                  04C036  LF    test05f3                  04C082  LF    
test05f4                  04C0D0  LF    test05f5                  04C119  LF    
test05f6                  04C162  LF    test05f7                  04C1AD  LF    
test05f8                  04C1E6  LF    test05f9                  04C21F  LF    
test05fa                  04C258  LF    test05fb                  04C292  LF    
test05fc                  04C2EF  LF    test05fd                  04C354  LF    
test05fe                  04C3B1  LF    test05ff                  04C402  LF    
test0600                  04C457  LF    test0601                  04C4BC  LF    
test0602                  04C521  LF    test0603                  04C57B  LF    
test0604                  04C5D2  LF    test0605                  04C637  LF    
test0606                  04C69C  LF    test0607                  04C701  LF    
test0608                  04C766  LF    test0609                  04C7CB  LF    
test060a                  04C82E  LF    test060b                  04C891  LF    
test060c                  04C8F4  LF    test060d                  04C94D  LF    
test060e                  04C9A2  LF    test060f                  04CA07  LF    
test0610                  04CA6C  LF    test0611                  04CAD1  LF    
test0612                  04CB2B  LF    test0613                  04CB85  LF    
test0614                  04CBDF  LF    test0615                  04CC39  LF    
test0616                  04CC90  LF    test0617                  04CCE7  LF    
test0618                  04CD21  LF    test0619                  04CD5B  LF    
test061a                  04CD95  LF    test061b                  04CDCF  LF    
test061c                  04CE08  LF    test061d                  04CE57  LF    
test061e                  04CEA6  LF    test061f                  04CF01  LF    
test0620                  04CF5C  LF    test0621                  04CFB7  LF    
test0622                  04D012  LF    test0623                  04D057  LF    
test0624                  04D09E  LF    test0625                  04D0E9  LF    
test0626                  04D136  LF    test0627                  04D18D  LF    
test0628                  04D1E9  LF    test0629                  04D235  LF    
test062a                  04D283  LF    test062b                  04D2CC  LF    
test062c                  04D317  LF    test062d                  04D36E  LF    
test062e                  04D3C5  LF    test062f                  04D420  LF    
test0630                  04D480  LF    test0631                  04D4D7  LF    
test0632                  04D532  LF    test0633                  04D592  LF    
test0634                  04D5E7  LF    test0635                  04D63C  LF    
test0636                  04D693  LF    test0637                  04D6E0  LF    
test0638                  04D72B  LF    test0639                  04D778  LF    
test063a                  04D7C7  LF    test063b                  04D81E  LF    
test063c                  04D875  LF    test063d                  04D8D1  LF    
test063e                  04D91D  LF    test063f                  04D969  LF    
test0640                  04D9B7  LF    test0641                  04DA03  LF    
test0642                  04DA4F  LF    test0643                  04DA9D  LF    
test0644                  04DAE6  LF    test0645                  04DB2F  LF    
test0646                  04DB7A  LF    test0647                  04DBB3  LF    
test0648                  04DBEC  LF    test0649                  04DC25  LF    



Exports list by value:
----------------------
test0000                  008294  LF    test0001                  00830A  LF    
test0002                  008344  LF    test0003                  0083A1  LF    
test0004                  008406  LF    test0005                  008463  LF    
test0006                  0084B4  LF    test0007                  008509  LF    
test0008                  00856E  LF    test0009                  0085D3  LF    
test000a                  00862D  LF    test000b                  008684  LF    
test000c                  0086E9  LF    test000d                  00874E  LF    
test000e                  0087B3  LF    test000f                  008818  LF    
test0010                  00887D  LF    test0011                  0088E0  LF    
test0012                  008943  LF    test0013                  0089A6  LF    
test0014                  0089FF  LF    test0015                  008A54  LF    
test0016                  008AB9  LF    test0017                  008B1E  LF    
test0018                  008B83  LF    test0019                  008BDD  LF    
test001a                  008C37  LF    test001b                  008C91  LF    
test001c                  008CEB  LF    test001d                  008D42  LF    
test001e                  008D99  LF    test001f                  008DD3  LF    
test0020                  008E0D  LF    test0021                  008E47  LF    
test0022                  008E80  LF    test0023                  008ECF  LF    
test0024                  008F1E  LF    test0025                  008F79  LF    
test0026                  008FD4  LF    test0027                  00902F  LF    
test0028                  00908A  LF    test0029                  0090CF  LF    
test002a                  009116  LF    test002b                  009161  LF    
test002c                  0091AE  LF    test002d                  009205  LF    
test002e                  009261  LF    test002f                  0092AD  LF    
test0030                  0092FB  LF    test0031                  009344  LF    
test0032                  00938F  LF    test0033                  0093E6  LF    
test0034                  00943D  LF    test0035                  009498  LF    
test0036                  0094F8  LF    test0037                  00954F  LF    
test0038                  0095AA  LF    test0039                  00960A  LF    
test003a                  00965F  LF    test003b                  0096B4  LF    
test003c                  00970B  LF    test003d                  009758  LF    
test003e                  0097A3  LF    test003f                  0097F0  LF    
test0040                  00983F  LF    test0041                  009896  LF    
test0042                  0098ED  LF    test0043                  009949  LF    
test0044                  009995  LF    test0045                  0099E1  LF    
test0046                  009A2F  LF    test0047                  009A7B  LF    
test0048                  009AC7  LF    test0049                  009B15  LF    
test004a                  009B5E  LF    test004b                  009BA7  LF    
test004c                  009BF2  LF    test004d                  009C2B  LF    
test004e                  009C64  LF    test004f                  009C9D  LF    
test0050                  009CD7  LF    test0051                  009D34  LF    
test0052                  009D99  LF    test0053                  009DF6  LF    
test0054                  009E47  LF    test0055                  009E9C  LF    
test0056                  009F01  LF    test0057                  009F66  LF    
test0058                  009FC0  LF    test0059                  00A017  LF    
test005a                  00A07C  LF    test005b                  00A0E1  LF    
test005c                  00A146  LF    test005d                  00A1AB  LF    
test005e                  00A210  LF    test005f                  00A273  LF    
test0060                  00A2D6  LF    test0061                  00A339  LF    
test0062                  00A392  LF    test0063                  00A3E7  LF    
test0064                  00A44C  LF    test0065                  00A4B1  LF    
test0066                  00A516  LF    test0067                  00A570  LF    
test0068                  00A5CA  LF    test0069                  00A624  LF    
test006a                  00A67E  LF    test006b                  00A6D5  LF    
test006c                  00A72C  LF    test006d                  00A766  LF    
test006e                  00A7A0  LF    test006f                  00A7D9  LF    
test0070                  00A828  LF    test0071                  00A877  LF    
test0072                  00A8D2  LF    test0073                  00A92D  LF    
test0074                  00A988  LF    test0075                  00A9E3  LF    
test0076                  00AA28  LF    test0077                  00AA6F  LF    
test0078                  00AABA  LF    test0079                  00AB07  LF    
test007a                  00AB5E  LF    test007b                  00ABBA  LF    
test007c                  00AC06  LF    test007d                  00AC54  LF    
test007e                  00AC9D  LF    test007f                  00ACE8  LF    
test0080                  00AD3F  LF    test0081                  00AD96  LF    
test0082                  00ADF1  LF    test0083                  00AE51  LF    
test0084                  00AEA8  LF    test0085                  00AF03  LF    
test0086                  00AF63  LF    test0087                  00AFB8  LF    
test0088                  00B00D  LF    test0089                  00B064  LF    
test008a                  00B0B1  LF    test008b                  00B0FC  LF    
test008c                  00B149  LF    test008d                  00B198  LF    
test008e                  00B1EF  LF    test008f                  00B246  LF    
test0090                  00B2A2  LF    test0091                  00B2EE  LF    
test0092                  00B33A  LF    test0093                  00B388  LF    
test0094                  00B3D4  LF    test0095                  00B420  LF    
test0096                  00B46E  LF    test0097                  00B4B7  LF    
test0098                  00B500  LF    test0099                  00B54B  LF    
test009a                  00B584  LF    test009b                  00B5BC  LF    
test009c                  00B611  LF    test009d                  00B66B  LF    
test009e                  00B6C4  LF    test009f                  00B719  LF    
test00a0                  00B773  LF    test00a1                  00B7CD  LF    
test00a2                  00B805  LF    test00a3                  00B85A  LF    
test00a4                  00B8B4  LF    test00a5                  00B90D  LF    
test00a6                  00B962  LF    test00a7                  00B9BC  LF    
test00a8                  00BA16  LF    test00a9                  00BA4E  LF    
test00aa                  00BA99  LF    test00ab                  00BAE6  LF    
test00ac                  00BB32  LF    test00ad                  00BB80  LF    
test00ae                  00BBCD  LF    test00af                  00BC18  LF    
test00b0                  00BC65  LF    test00b1                  00BCB4  LF    
test00b2                  00BD00  LF    test00b3                  00BD4C  LF    
test00b4                  00BD9A  LF    test00b5                  00BDD2  LF    
test00b6                  00BE1D  LF    test00b7                  00BE6A  LF    
test00b8                  00BEB6  LF    test00b9                  00BF04  LF    
test00ba                  00BF51  LF    test00bb                  00BF9C  LF    
test00bc                  00BFE9  LF    test00bd                  00C038  LF    
test00be                  00C084  LF    test00bf                  00C0D0  LF    
test00c0                  00C11E  LF    test00c1                  00C158  LF    
test00c2                  00C192  LF    test00c3                  00C1CB  LF    
test00c4                  00C204  LF    test00c5                  00C259  LF    
test00c6                  00C2B3  LF    test00c7                  00C30C  LF    
test00c8                  00C361  LF    test00c9                  00C3BB  LF    
test00ca                  00C415  LF    test00cb                  00C46A  LF    
test00cc                  00C4C4  LF    test00cd                  00C51D  LF    
test00ce                  00C572  LF    test00cf                  00C5CC  LF    
test00d0                  00C626  LF    test00d1                  00C671  LF    
test00d2                  00C6BE  LF    test00d3                  00C70A  LF    
test00d4                  00C758  LF    test00d5                  00C7A5  LF    
test00d6                  00C7F0  LF    test00d7                  00C83D  LF    
test00d8                  00C88C  LF    test00d9                  00C8D8  LF    
test00da                  00C924  LF    test00db                  00C972  LF    
test00dc                  00C9BD  LF    test00dd                  00CA0A  LF    
test00de                  00CA56  LF    test00df                  00CAA4  LF    
test00e0                  00CAF1  LF    test00e1                  00CB3C  LF    
test00e2                  00CB89  LF    test00e3                  00CBD8  LF    
test00e4                  00CC24  LF    test00e5                  00CC70  LF    
test00e6                  01802E  LF    test00e7                  01809E  LF    
test00e8                  018109  LF    test00e9                  018179  LF    
test00ea                  0181E4  LF    test00eb                  018224  LF    
test00ec                  018296  LF    test00ed                  018303  LF    
test00ee                  018343  LF    test00ef                  0183B3  LF    
test00f0                  01841E  LF    test00f1                  01845E  LF    
test00f2                  0184CE  LF    test00f3                  018539  LF    
test00f4                  018579  LF    test00f5                  0185E9  LF    
test00f6                  018654  LF    test00f7                  018694  LF    
test00f8                  018704  LF    test00f9                  01876F  LF    
test00fa                  0187AF  LF    test00fb                  01881F  LF    
test00fc                  01888A  LF    test00fd                  0188CA  LF    
test00fe                  01893A  LF    test00ff                  0189A5  LF    
test0100                  0189E5  LF    test0101                  018A6C  LF    
test0102                  018AF2  LF    test0103                  018B79  LF    
test0104                  018BFF  LF    test0105                  018C70  LF    
test0106                  018CA8  LF    test0107                  018CE0  LF    
test0108                  018D18  LF    test0109                  018D50  LF    
test010a                  018D88  LF    test010b                  018DC0  LF    
test010c                  018DF8  LF    test010d                  018E30  LF    
test010e                  018E68  LF    test010f                  018EA0  LF    
test0110                  018ED8  LF    test0111                  018F10  LF    
test0112                  018F48  LF    test0113                  018F80  LF    
test0114                  018FBA  LF    test0115                  019017  LF    
test0116                  01907C  LF    test0117                  0190D9  LF    
test0118                  01912A  LF    test0119                  01917F  LF    
test011a                  0191E4  LF    test011b                  019249  LF    
test011c                  0192A3  LF    test011d                  0192FA  LF    
test011e                  01935F  LF    test011f                  0193C4  LF    
test0120                  019429  LF    test0121                  01948E  LF    
test0122                  0194F3  LF    test0123                  019556  LF    
test0124                  0195B9  LF    test0125                  01961C  LF    
test0126                  019675  LF    test0127                  0196CA  LF    
test0128                  01972F  LF    test0129                  019794  LF    
test012a                  0197F9  LF    test012b                  019853  LF    
test012c                  0198AD  LF    test012d                  019907  LF    
test012e                  019961  LF    test012f                  0199B8  LF    
test0130                  019A0F  LF    test0131                  019A49  LF    
test0132                  019A9E  LF    test0133                  019AF8  LF    
test0134                  019B32  LF    test0135                  019B87  LF    
test0136                  019BE1  LF    test0137                  019C1B  LF    
test0138                  019C78  LF    test0139                  019CDD  LF    
test013a                  019D3A  LF    test013b                  019D8B  LF    
[...]
test0366 (cputest-full.o):
test0367 (cputest-full.o):
test0368 (cputest-full.o):
test0369 (cputest-full.o):
test036a (cputest-full.o):
test036b (cputest-full.o):
test036c (cputest-full.o):
test036d (cputest-full.o):
test036e (cputest-full.o):
test036f (cputest-full.o):
test0370 (cputest-full.o):
test0371 (cputest-full.o):
test0372 (cputest-full.o):
test0373 (cputest-full.o):
test0374 (cputest-full.o):
test0375 (cputest-full.o):
test0376 (cputest-full.o):
test0377 (cputest-full.o):
test0378 (cputest-full.o):
test0379 (cputest-full.o):
test037a (cputest-full.o):
test037b (cputest-full.o):
test037c (cputest-full.o):
test037d (cputest-full.o):
test037e (cputest-full.o):
test037f (cputest-full.o):
test0380 (cputest-full.o):
test0381 (cputest-full.o):
test0382 (cputest-full.o):
test0383 (cputest-full.o):
test0384 (cputest-full.o):
test0385 (cputest-full.o):
test0386 (cputest-full.o):
test0387 (cputest-full.o):
test0388 (cputest-full.o):
test0389 (cputest-full.o):
test038a (cputest-full.o):
test038b (cputest-full.o):
test038c (cputest-full.o):
test038d (cputest-full.o):
test038e (cputest-full.o):
test038f (cputest-full.o):
test0390 (cputest-full.o):
test0391 (cputest-full.o):
test0392 (cputest-full.o):
test0393 (cputest-full.o):
test0394 (cputest-full.o):
test0395 (cputest-full.o):
test0396 (cputest-full.o):
test0397 (cputest-full.o):
test0398 (cputest-full.o):
test0399 (cputest-full.o):
test039a (cputest-full.o):
test039b (cputest-full.o):
test039c (cputest-full.o):
test039d (cputest-full.o):
test039e (cputest-full.o):
test039f (cputest-full.o):
test03a0 (cputest-full.o):
test03a1 (cputest-full.o):
test03a2 (cputest-full.o):
test03a3 (cputest-full.o):
test03a4 (cputest-full.o):
test03a5 (cputest-full.o):
test03a6 (cputest-full.o):
test03a7 (cputest-full.o):
test03a8 (cputest-full.o):
test03a9 (cputest-full.o):
test03aa (cputest-full.o):
test03ab (cputest-full.o):
test03ac (cputest-full.o):
test03ad (cputest-full.o):
test03ae (cputest-full.o):
test03af (cputest-full.o):
test03b0 (cputest-full.o):
test03b1 (cputest-full.o):
test03b2 (cputest-full.o):
test03b3 (cputest-full.o):
test03b4 (cputest-full.o):
test03b5 (cputest-full.o):
test03b6 (cputest-full.o):
test03b7 (cputest-full.o):
test03b8 (cputest-full.o):
test03b9 (cputest-full.o):
test03ba (cputest-full.o):
test03bb (cputest-full.o):
test03bc (cputest-full.o):
test03bd (cputest-full.o):
test03be (cputest-full.o):
test03bf (cputest-full.o):
test03c0 (cputest-full.o):
test03c1 (cputest-full.o):
test03c2 (cputest-full.o):
test03c3 (cputest-full.o):
test03c4 (cputest-full.o):
test03c5 (cputest-full.o):
test03c6 (cputest-full.o):
test03c7 (cputest-full.o):
test03c8 (cputest-full.o):
test03c9 (cputest-full.o):
test03ca (cputest-full.o):
test03cb (cputest-full.o):
test03cc (cputest-full.o):
test03cd (cputest-full.o):
test03ce (cputest-full.o):
test03cf (cputest-full.o):
test03d0 (cputest-full.o):
test03d1 (cputest-full.o):
test03d2 (cputest-full.o):
test03d3 (cputest-full.o):
test03d4 (cputest-full.o):
test03d5 (cputest-full.o):
test03d6 (cputest-full.o):
test03d7 (cputest-full.o):
test03d8 (cputest-full.o):
test03d9 (cputest-full.o):
test03da (cputest-full.o):
test03db (cputest-full.o):
test03dc (cputest-full.o):
test03dd (cputest-full.o):
test03de (cputest-full.o):
test03df (cputest-full.o):
test03e0 (cputest-full.o):
test03e1 (cputest-full.o):
test03e2 (cputest-full.o):
test03e3 (cputest-full.o):
test03e4 (cputest-full.o):
test03e5 (cputest-full.o):
test03e6 (cputest-full.o):
test03e7 (cputest-full.o):
test03e8 (cputest-full.o):
test03e9 (cputest-full.o):
test03ea (cputest-full.o):
test03eb (cputest-full.o):
test03ec (cputest-full.o):
test03ed (cputest-full.o):
test03ee (cputest-full.o):
test03ef (cputest-full.o):
test03f0 (cputest-full.o):
test03f1 (cputest-full.o):
test03f2 (cputest-full.o):
test03f3 (cputest-full.o):
test03f4 (cputest-full.o):
test03f5 (cputest-full.o):
test03f6 (cputest-full.o):
test03f7 (cputest-full.o):
test03f8 (cputest-full.o):
test03f9 (cputest-full.o):
test03fa (cputest-full.o):
test03fb (cputest-full.o):
test03fc (cputest-full.o):
test03fd (cputest-full.o):
test03fe (cputest-full.o):
test03ff (cputest-full.o):
test0400 (cputest-full.o):
test0401 (cputest-full.o):
test0402 (cputest-full.o):
test0403 (cputest-full.o):
test0404 (cputest-full.o):
test0405 (cputest-full.o):
test0406 (cputest-full.o):
test0407 (cputest-full.o):
test0408 (cputest-full.o):
test0409 (cputest-full.o):
test040a (cputest-full.o):
test040b (cputest-full.o):
test040c (cputest-full.o):
test040d (cputest-full.o):
test040e (cputest-full.o):
test040f (cputest-full.o):
test0410 (cputest-full.o):
test0411 (cputest-full.o):
test0412 (cputest-full.o):
test0413 (cputest-full.o):
test0414 (cputest-full.o):
test0415 (cputest-full.o):
test0416 (cputest-full.o):
test0417 (cputest-full.o):
test0418 (cputest-full.o):
test0419 (cputest-full.o):
test041a (cputest-full.o):
test041b (cputest-full.o):
test041c (cputest-full.o):
test041d (cputest-full.o):
test041e (cputest-full.o):
test041f (cputest-full.o):
test0420 (cputest-full.o):
test0421 (cputest-full.o):
test0422 (cputest-full.o):
test0423 (cputest-full.o):
test0424 (cputest-full.o):
test0425 (cputest-full.o):
test0426 (cputest-full.o):
test0427 (cputest-full.o):
test0428 (cputest-full.o):
test0429 (cputest-full.o):
test042a (cputest-full.o):
test042b (cputest-full.o):
test042c (cputest-full.o):
test042d (cputest-full.o):
test042e (cputest-full.o):
test042f (cputest-full.o):
test0430 (cputest-full.o):
test0431 (cputest-full.o):
test0432 (cputest-full.o):
test0433 (cputest-full.o):
test0434 (cputest-full.o):
test0435 (cputest-full.o):
test0436 (cputest-full.o):
test0437 (cputest-full.o):
test0438 (cputest-full.o):
test0439 (cputest-full.o):
test043a (cputest-full.o):
test043b (cputest-full.o):
test043c (cputest-full.o):
test043d (cputest-full.o):
test043e (cputest-full.o):
test043f (cputest-full.o):
test0440 (cputest-full.o):
test0441 (cputest-full.o):
test0442 (cputest-full.o):
test0443 (cputest-full.o):
test0444 (cputest-full.o):
test0445 (cputest-full.o):
test0446 (cputest-full.o):
test0447 (cputest-full.o):
test0448 (cputest-full.o):
test0449 (cputest-full.o):
test044a (cputest-full.o):
test044b (cputest-full.o):
test044c (cputest-full.o):
test044d (cputest-full.o):
test044e (cputest-full.o):
test044f (cputest-full.o):
test0450 (cputest-full.o):
test0451 (cputest-full.o):
test0452 (cputest-full.o):
test0453 (cputest-full.o):
test0454 (cputest-full.o):
test0455 (cputest-full.o):
test0456 (cputest-full.o):
test0457 (cputest-full.o):
test0458 (cputest-full.o):
test0459 (cputest-full.o):
test045a (cputest-full.o):
test045b (cputest-full.o):
test045c (cputest-full.o):
test045d (cputest-full.o):
test045e (cputest-full.o):
test045f (cputest-full.o):
test0460 (cputest-full.o):
test0461 (cputest-full.o):
test0462 (cputest-full.o):
test0463 (cputest-full.o):
test0464 (cputest-full.o):
test0465 (cputest-full.o):
test0466 (cputest-full.o):
test0467 (cputest-full.o):
test0468 (cputest-full.o):
test0469 (cputest-full.o):
test046a (cputest-full.o):
test046b (cputest-full.o):
test046c (cputest-full.o):
test046d (cputest-full.o):
test046e (cputest-full.o):
test046f (cputest-full.o):
test0470 (cputest-full.o):
test0471 (cputest-full.o):
test0472 (cputest-full.o):
test0473 (cputest-full.o):
test0474 (cputest-full.o):
test0475 (cputest-full.o):
test0476 (cputest-full.o):
test0477 (cputest-full.o):
test0478 (cputest-full.o):
test0479 (cputest-full.o):
test047a (cputest-full.o):
test047b (cputest-full.o):
test047c (cputest-full.o):
test047d (cputest-full.o):
test047e (cputest-full.o):
test047f (cputest-full.o):
test0480 (cputest-full.o):
test0481 (cputest-full.o):
test0482 (cputest-full.o):
test0483 (cputest-full.o):
test0484 (cputest-full.o):
test0485 (cputest-full.o):
test0486 (cputest-full.o):
test0487 (cputest-full.o):
test0488 (cputest-full.o):
test0489 (cputest-full.o):
test048a (cputest-full.o):
test048b (cputest-full.o):
test048c (cputest-full.o):
test048d (cputest-full.o):
test048e (cputest-full.o):
test048f (cputest-full.o):
test0490 (cputest-full.o):
test0491 (cputest-full.o):
test0492 (cputest-full.o):
test0493 (cputest-full.o):
test0494 (cputest-full.o):
test0495 (cputest-full.o):
test0496 (cputest-full.o):
test0497 (cputest-full.o):
test0498 (cputest-full.o):
test0499 (cputest-full.o):
test049a (cputest-full.o):
test049b (cputest-full.o):
test049c (cputest-full.o):
test049d (cputest-full.o):
test049e (cputest-full.o):
test049f (cputest-full.o):
test04a0 (cputest-full.o):
test04a1 (cputest-full.o):
test04a2 (cputest-full.o):
test04a3 (cputest-full.o):
test04a4 (cputest-full.o):
test04a5 (cputest-full.o):
test04a6 (cputest-full.o):
test04a7 (cputest-full.o):
test04a8 (cputest-full.o):
test04a9 (cputest-full.o):
test04aa (cputest-full.o):
test04ab (cputest-full.o):
test04ac (cputest-full.o):
test04ad (cputest-full.o):
test04ae (cputest-full.o):
test04af (cputest-full.o):
test04b0 (cputest-full.o):
test04b1 (cputest-full.o):
test04b2 (cputest-full.o):
test04b3 (cputest-full.o):
test04b4 (cputest-full.o):
test04b5 (cputest-full.o):
test04b6 (cputest-full.o):
test04b7 (cputest-full.o):
test04b8 (cputest-full.o):
test04b9 (cputest-full.o):
test04ba (cputest-full.o):
test04bb (cputest-full.o):
test04bc (cputest-full.o):
test04bd (cputest-full.o):
test04be (cputest-full.o):
test04bf (cputest-full.o):
test04c0 (cputest-full.o):
test04c1 (cputest-full.o):
test04c2 (cputest-full.o):
test04c3 (cputest-full.o):
test04c4 (cputest-full.o):
test04c5 (cputest-full.o):
test04c6 (cputest-full.o):
test04c7 (cputest-full.o):
test04c8 (cputest-full.o):
test04c9 (cputest-full.o):
test04ca (cputest-full.o):
test04cb (cputest-full.o):
test04cc (cputest-full.o):
test04cd (cputest-full.o):
test04ce (cputest-full.o):
test04cf (cputest-full.o):
test04d0 (cputest-full.o):
test04d1 (cputest-full.o):
test04d2 (cputest-full.o):
test04d3 (cputest-full.o):
test04d4 (cputest-full.o):
test04d5 (cputest-full.o):
test04d6 (cputest-full.o):
test04d7 (cputest-full.o):
test04d8 (cputest-full.o):
test04d9 (cputest-full.o):
test04da (cputest-full.o):
test04db (cputest-full.o):
test04dc (cputest-full.o):
test04dd (cputest-full.o):
test04de (cputest-full.o):
test04df (cputest-full.o):
test04e0 (cputest-full.o):
test04e1 (cputest-full.o):
test04e2 (cputest-full.o):
test04e3 (cputest-full.o):
test04e4 (cputest-full.o):
test04e5 (cputest-full.o):
test04e6 (cputest-full.o):
test04e7 (cputest-full.o):
test04e8 (cputest-full.o):
test04e9 (cputest-full.o):
test04ea (cputest-full.o):
test04eb (cputest-full.o):
test04ec (cputest-full.o):
test04ed (cputest-full.o):
test04ee (cputest-full.o):
test04ef (cputest-full.o):
test04f0 (cputest-full.o):
test04f1 (cputest-full.o):
test04f2 (cputest-full.o):
test04f3 (cputest-full.o):
test04f4 (cputest-full.o):
test04f5 (cputest-full.o):
test04f6 (cputest-full.o):
test04f7 (cputest-full.o):
test04f8 (cputest-full.o):
test04f9 (cputest-full.o):
test04fa (cputest-full.o):
test04fb (cputest-full.o):
test04fc (cputest-full.o):
test04fd (cputest-full.o):
test04fe (cputest-full.o):
test04ff (cputest-full.o):
test0500 (cputest-full.o):
test0501 (cputest-full.o):
test0502 (cputest-full.o):
test0503 (cputest-full.o):
test0504 (cputest-full.o):
test0505 (cputest-full.o):
test0506 (cputest-full.o):
test0507 (cputest-full.o):
test0508 (cputest-full.o):
test0509 (cputest-full.o):
test050a (cputest-full.o):
test050b (cputest-full.o):
test050c (cputest-full.o):
test050d (cputest-full.o):
test050e (cputest-full.o):
test050f (cputest-full.o):
test0510 (cputest-full.o):
test0511 (cputest-full.o):
test0512 (cputest-full.o):
test0513 (cputest-full.o):
test0514 (cputest-full.o):
test0515 (cputest-full.o):
test0516 (cputest-full.o):
test0517 (cputest-full.o):
test0518 (cputest-full.o):
test0519 (cputest-full.o):
test051a (cputest-full.o):
test051b (cputest-full.o):
test051c (cputest-full.o):
test051d (cputest-full.o):
test051e (cputest-full.o):
test051f (cputest-full.o):
test0520 (cputest-full.o):
test0521 (cputest-full.o):
test0522 (cputest-full.o):
test0523 (cputest-full.o):
test0524 (cputest-full.o):
test0525 (cputest-full.o):
test0526 (cputest-full.o):
test0527 (cputest-full.o):
test0528 (cputest-full.o):
test0529 (cputest-full.o):
test052a (cputest-full.o):
test052b (cputest-full.o):
test052c (cputest-full.o):
test052d (cputest-full.o):
test052e (cputest-full.o):
test052f (cputest-full.o):
test0530 (cputest-full.o):
test0531 (cputest-full.o):
test0532 (cputest-full.o):
test0533 (cputest-full.o):
test0534 (cputest-full.o):
test0535 (cputest-full.o):
test0536 (cputest-full.o):
test0537 (cputest-full.o):
test0538 (cputest-full.o):
test0539 (cputest-full.o):
test053a (cputest-full.o):
test053b (cputest-full.o):
test053c (cputest-full.o):
test053d (cputest-full.o):
test053e (cputest-full.o):
test053f (cputest-full.o):
test0540 (cputest-full.o):
test0541 (cputest-full.o):
test0542 (cputest-full.o):
test0543 (cputest-full.o):
test0544 (cputest-full.o):
test0545 (cputest-full.o):
test0546 (cputest-full.o):
test0547 (cputest-full.o):
test0548 (cputest-full.o):
test0549 (cputest-full.o):
test054a (cputest-full.o):
test054b (cputest-full.o):
test054c (cputest-full.o):
test054d (cputest-full.o):
test054e (cputest-full.o):
test054f (cputest-full.o):
test0550 (cputest-full.o):
test0551 (cputest-full.o):
test0552 (cputest-full.o):
test0553 (cputest-full.o):
test0554 (cputest-full.o):
test0555 (cputest-full.o):
test0556 (cputest-full.o):
test0557 (cputest-full.o):
test0558 (cputest-full.o):
test0559 (cputest-full.o):
test055a (cputest-full.o):
test055b (cputest-full.o):
test055c (cputest-full.o):
test055d (cputest-full.o):
test055e (cputest-full.o):
test055f (cputest-full.o):
test0560 (cputest-full.o):
test0561 (cputest-full.o):
test0562 (cputest-full.o):
test0563 (cputest-full.o):
test0564 (cputest-full.o):
test0565 (cputest-full.o):
test0566 (cputest-full.o):
test0567 (cputest-full.o):
test0568 (cputest-full.o):
test0569 (cputest-full.o):
test056a (cputest-full.o):
test056b (cputest-full.o):
test056c (cputest-full.o):
test056d (cputest-full.o):
test056e (cputest-full.o):
test056f (cputest-full.o):
test0570 (cputest-full.o):
test0571 (cputest-full.o):
test0572 (cputest-full.o):
test0573 (cputest-full.o):
test0574 (cputest-full.o):
test0575 (cputest-full.o):
test0576 (cputest-full.o):
test0577 (cputest-full.o):
test0578 (cputest-full.o):
test0579 (cputest-full.o):
test057a (cputest-full.o):
test057b (cputest-full.o):
test057c (cputest-full.o):
test057d (cputest-full.o):
test057e (cputest-full.o):
test057f (cputest-full.o):
test0580 (cputest-full.o):
test0581 (cputest-full.o):
test0582 (cputest-full.o):
test0583 (cputest-full.o):
test0584 (cputest-full.o):
test0585 (cputest-full.o):
test0586 (cputest-full.o):
test0587 (cputest-full.o):
test0588 (cputest-full.o):
test0589 (cputest-full.o):
test058a (cputest-full.o):
test058b (cputest-full.o):
test058c (cputest-full.o):
test058d (cputest-full.o):
test058e (cputest-full.o):
test058f (cputest-full.o):
test0590 (cputest-full.o):
test0591 (cputest-full.o):
test0592 (cputest-full.o):
test0593 (cputest-full.o):
test0594 (cputest-full.o):
test0595 (cputest-full.o):
test0596 (cputest-full.o):
test0597 (cputest-full.o):
test0598 (cputest-full.o):
test0599 (cputest-full.o):
test059a (cputest-full.o):
test059b (cputest-full.o):
test059c (cputest-full.o):
test059d (cputest-full.o):
test059e (cputest-full.o):
test059f (cputest-full.o):
test05a0 (cputest-full.o):
test05a1 (cputest-full.o):
test05a2 (cputest-full.o):
test05a3 (cputest-full.o):
test05a4 (cputest-full.o):
test05a5 (cputest-full.o):
test05a6 (cputest-full.o):
test05a7 (cputest-full.o):
test05a8 (cputest-full.o):
test05a9 (cputest-full.o):
test05aa (cputest-full.o):
test05ab (cputest-full.o):
test05ac (cputest-full.o):
test05ad (cputest-full.o):
test05ae (cputest-full.o):
test05af (cputest-full.o):
test05b0 (cputest-full.o):
test05b1 (cputest-full.o):
test05b2 (cputest-full.o):
test05b3 (cputest-full.o):
test05b4 (cputest-full.o):
test05b5 (cputest-full.o):
test05b6 (cputest-full.o):
test05b7 (cputest-full.o):
test05b8 (cputest-full.o):
test05b9 (cputest-full.o):
test05ba (cputest-full.o):
test05bb (cputest-full.o):
test05bc (cputest-full.o):
test05bd (cputest-full.o):
test05be (cputest-full.o):
test05bf (cputest-full.o):
test05c0 (cputest-full.o):
test05c1 (cputest-full.o):
test05c2 (cputest-full.o):
test05c3 (cputest-full.o):
test05c4 (cputest-full.o):
test05c5 (cputest-full.o):
test05c6 (cputest-full.o):
test05c7 (cputest-full.o):
test05c8 (cputest-full.o):
test05c9 (cputest-full.o):
test05ca (cputest-full.o):
test05cb (cputest-full.o):
test05cc (cputest-full.o):
test05cd (cputest-full.o):
test05ce (cputest-full.o):
test05cf (cputest-full.o):
test05d0 (cputest-full.o):
test05d1 (cputest-full.o):
test05d2 (cputest-full.o):
test05d3 (cputest-full.o):
test05d4 (cputest-full.o):
test05d5 (cputest-full.o):
test05d6 (cputest-full.o):
test05d7 (cputest-full.o):
test05d8 (cputest-full.o):
test05d9 (cputest-full.o):
test05da (cputest-full.o):
test05db (cputest-full.o):
test05dc (cputest-full.o):
test05dd (cputest-full.o):
test05de (cputest-full.o):
test05df (cputest-full.o):
test05e0 (cputest-full.o):
test05e1 (cputest-full.o):
test05e2 (cputest-full.o):
test05e3 (cputest-full.o):
test05e4 (cputest-full.o):
test05e5 (cputest-full.o):
test05e6 (cputest-full.o):
test05e7 (cputest-full.o):
test05e8 (cputest-full.o):
test05e9 (cputest-full.o):
test05ea (cputest-full.o):
test05eb (cputest-full.o):
test05ec (cputest-full.o):
test05ed (cputest-full.o):
test05ee (cputest-full.o):
test05ef (cputest-full.o):
test05f0 (cputest-full.o):
test05f1 (cputest-full.o):
test05f2 (cputest-full.o):
test05f3 (cputest-full.o):
test05f4 (cputest-full.o):
test05f5 (cputest-full.o):
test05f6 (cputest-full.o):
test05f7 (cputest-full.o):
test05f8 (cputest-full.o):
test05f9 (cputest-full.o):
test05fa (cputest-full.o):
test05fb (cputest-full.o):
test05fc (cputest-full.o):
test05fd (cputest-full.o):
test05fe (cputest-full.o):
test05ff (cputest-full.o):
test0600 (cputest-full.o):
test0601 (cputest-full.o):
test0602 (cputest-full.o):
test0603 (cputest-full.o):
test0604 (cputest-full.o):
test0605 (cputest-full.o):
test0606 (cputest-full.o):
test0607 (cputest-full.o):
test0608 (cputest-full.o):
test0609 (cputest-full.o):
test060a (cputest-full.o):
test060b (cputest-full.o):
test060c (cputest-full.o):
test060d (cputest-full.o):
test060e (cputest-full.o):
test060f (cputest-full.o):
test0610 (cputest-full.o):
test0611 (cputest-full.o):
test0612 (cputest-full.o):
test0613 (cputest-full.o):
test0614 (cputest-full.o):
test0615 (cputest-full.o):
test0616 (cputest-full.o):
test0617 (cputest-full.o):
test0618 (cputest-full.o):
test0619 (cputest-full.o):
test061a (cputest-full.o):
test061b (cputest-full.o):
test061c (cputest-full.o):
test061d (cputest-full.o):
test061e (cputest-full.o):
test061f (cputest-full.o):
test0620 (cputest-full.o):
test0621 (cputest-full.o):
test0622 (cputest-full.o):
test0623 (cputest-full.o):
test0624 (cputest-full.o):
test0625 (cputest-full.o):
test0626 (cputest-full.o):
test0627 (cputest-full.o):
test0628 (cputest-full.o):
test0629 (cputest-full.o):
test062a (cputest-full.o):
test062b (cputest-full.o):
test062c (cputest-full.o):
test062d (cputest-full.o):
test062e (cputest-full.o):
test062f (cputest-full.o):
test0630 (cputest-full.o):
test0631 (cputest-full.o):
test0632 (cputest-full.o):
test0633 (cputest-full.o):
test0634 (cputest-full.o):
test0635 (cputest-full.o):
test0636 (cputest-full.o):
test0637 (cputest-full.o):
test0638 (cputest-full.o):
test0639 (cputest-full.o):
test063a (cputest-full.o):
test063b (cputest-full.o):
test063c (cputest-full.o):
test063d (cputest-full.o):
test063e (cputest-full.o):
test063f (cputest-full.o):
test0640 (cputest-full.o):
test0641 (cputest-full.o):
test0642 (cputest-full.o):
test0643 (cputest-full.o):
test0644 (cputest-full.o):
test0645 (cputest-full.o):
test0646 (cputest-full.o):
test0647 (cputest-full.o):
test0648 (cputest-full.o):
test0649 (cputest-full.o):

